120x40 0| [48;5;61m[37m[1m perf [0m[48;5;236m perf-instance [0m[2m  ⎇ [0m[1mmain[0m                                                                               [48;5;115m[30m ✓ synced [0m[0m
120x40 1|[38;5;141m╭[0m[38;5;141m──────────────────────╮[0m[90m╭─[0m[48;5;236m main [0m[2m · ✓ synced · ✓ clean · 1 commit [0m[90m────╮[0m[90m╭─[0m[48;5;236m Welcome [0m[90m──────────────────────────────────────╮[0m[0m
120x40 2|[38;5;141m│[0m[38;5;141m┃   Home[0m            [2m1[0m [38;5;141m│[0m[90m│[0m  [2mrecent commits[0m                            [90m│[0m[90m│[0m [1mWelcome, perf[0m                                  [90m│[0m[0m
120x40 3|[38;5;141m│[0m  ▸ Code            [2m2[0m [38;5;141m│[0m[90m│[0m[90m┃ Init: packages loaded from disk[0m  [2mDarklang [90m│[0m[90m│[0m                                                [90m│[0m[0m
120x40 4|[38;5;141m│[0m  ▸ Changes         [2m3[0m [38;5;141m│[0m[90m│[0m                                            [90m│[0m[90m│[0m [2mDark Matter is a package tree. What you write  [90m│[0m[0m
120x40 5|[38;5;141m│[0m    REPL            [2m4[0m [38;5;141m│[0m[90m│[0m  [2mbranches · 1 open[0m                         [90m│[0m[90m│[0m   [2m lives in it, under your[0m                     [90m│[0m[0m
120x40 6|[38;5;141m│[0m  ▸ Run             [2m5[0m [38;5;141m│[0m[90m│[0m  ● main                           [2mthis one[0m [90m│[0m[90m│[0m [2mname, and syncs. This is your branch.[0m          [90m│[0m[0m
120x40 7|[38;5;141m│[0m  ▸ Activity        [2m6[0m [38;5;141m│[0m[90m│[0m                                            [90m│[0m[90m│[0m                                                [90m│[0m[0m
120x40 8|[38;5;141m│[0m  ▸ AI              [2m7[0m [38;5;141m│[0m[90m│[0m                                            [90m│[0m[90m│[0m [37m2[0m    [1mlook around[0m[2m     the tree - Darklang.Stdl  [90m│[0m[0m
120x40 9|[38;5;141m│[0m    Docs            [2m8[0m [38;5;141m│[0m[90m│[0m                                            [90m│[0m[90m│[0m   [2mib first[0m                                     [90m│[0m[0m
120x40 10|[38;5;141m│[0m    Instance        [2m9[0m [38;5;141m│[0m[90m│[0m                                            [90m│[0m[90m│[0m [37m4 ⏎[0m  [1mtry something[0m[2m REPL - Stdlib.List.map (fu  [90m│[0m[0m
120x40 11|[38;5;141m│[0m                      [38;5;141m│[0m[90m│[0m                                            [90m│[0m[90m│[0m   [2mn x -> x + 1) [1, 2][0m                         [90m│[0m[0m
120x40 12|[38;5;141m│[0m                      [38;5;141m│[0m[90m│[0m                                            [90m│[0m[90m│[0m [37m:[0m    [1mmake something[0m[2m  :new fn [0mperf.hello        [90m│[0m[0m
120x40 13|[38;5;141m│[0m                      [38;5;141m│[0m[90m│[0m                                            [90m│[0m[90m│[0m [37mb[0m    [1mbranch first[0m[2m    if you'd rather not work  [90m│[0m[0m
120x40 14|[38;5;141m│[0m                      [38;5;141m│[0m[90m│[0m                                            [90m│[0m[90m│[0m   [2m on main[0m                                     [90m│[0m[0m
120x40 15|[38;5;141m│[0m                      [38;5;141m│[0m[90m│[0m                                            [90m│[0m[90m│[0m                                                [90m│[0m[0m
120x40 16|[38;5;141m│[0m                      [38;5;141m│[0m[90m│[0m                                            [90m│[0m[90m│[0m                                                [90m│[0m[0m
120x40 17|[38;5;141m│[0m                      [38;5;141m│[0m[90m│[0m                                            [90m│[0m[90m│[0m                                                [90m│[0m[0m
120x40 18|[38;5;141m│[0m                      [38;5;141m│[0m[90m│[0m                                            [90m│[0m[90m│[0m                                                [90m│[0m[0m
120x40 19|[38;5;141m│[0m                      [38;5;141m│[0m[90m│[0m                                            [90m│[0m[90m│[0m                                                [90m│[0m[0m
120x40 20|[38;5;141m│[0m                      [38;5;141m│[0m[90m│[0m                                            [90m│[0m[90m│[0m                                                [90m│[0m[0m
120x40 21|[38;5;141m│[0m                      [38;5;141m│[0m[90m│[0m                                            [90m│[0m[90m│[0m                                                [90m│[0m[0m
120x40 22|[38;5;141m│[0m                      [38;5;141m│[0m[90m│[0m                                            [90m│[0m[90m│[0m                                                [90m│[0m[0m
120x40 23|[38;5;141m│[0m                      [38;5;141m│[0m[90m│[0m                                            [90m│[0m[90m│[0m                                                [90m│[0m[0m
120x40 24|[38;5;141m│[0m                      [38;5;141m│[0m[90m│[0m                                            [90m│[0m[90m│[0m                                                [90m│[0m[0m
120x40 25|[38;5;141m│[0m                      [38;5;141m│[0m[90m│[0m                                            [90m│[0m[90m│[0m                                                [90m│[0m[0m
120x40 26|[38;5;141m│[0m                      [38;5;141m│[0m[90m│[0m                                            [90m│[0m[90m│[0m                                                [90m│[0m[0m
120x40 27|[38;5;141m│[0m                      [38;5;141m│[0m[90m│[0m                                            [90m│[0m[90m│[0m                                                [90m│[0m[0m
120x40 28|[38;5;141m│[0m                      [38;5;141m│[0m[90m│[0m                                            [90m│[0m[90m│[0m                                                [90m│[0m[0m
120x40 29|[38;5;141m│[0m                      [38;5;141m│[0m[90m│[0m                                            [90m│[0m[90m│[0m                                                [90m│[0m[0m
120x40 30|[38;5;141m│[0m                      [38;5;141m│[0m[90m│[0m                                            [90m│[0m[90m│[0m                                                [90m│[0m[0m
120x40 31|[38;5;141m│[0m                      [38;5;141m│[0m[90m│[0m                                            [90m│[0m[90m│[0m                                                [90m│[0m[0m
120x40 32|[38;5;141m│[0m                      [38;5;141m│[0m[90m│[0m                                            [90m│[0m[90m│[0m                                                [90m│[0m[0m
120x40 33|[38;5;141m│[0m                      [38;5;141m│[0m[90m│[0m                                            [90m│[0m[90m│[0m                                                [90m│[0m[0m
120x40 34|[38;5;141m│[0m                      [38;5;141m│[0m[90m│[0m                                            [90m│[0m[90m│[0m                                                [90m│[0m[0m
120x40 35|[38;5;141m│[0m                      [38;5;141m│[0m[90m│[0m                                            [90m│[0m[90m│[0m                                                [90m│[0m[0m
120x40 36|[38;5;141m│[0m                      [38;5;141m│[0m[90m│[0m                                            [90m│[0m[90m│[0m                                                [90m│[0m[0m
120x40 37|[38;5;141m│[0m                      [38;5;141m│[0m[90m│[0m                                            [90m│[0m[90m│[0m                                                [90m│[0m[0m
120x40 38|[38;5;141m╰──────────────────────╯[0m[90m╰────────────────────────────────────────────╯[0m[90m╰────────────────────────────────────────────────╯[0m[0m
120x40 39|  [37m↑↓[0m [2mmove[0m[2m · [0m[37m⏎[0m [2mgo[0m[2m · [0m[37m1-9[0m [2mworkspace[0m[2m · [0m[37m→[0m [2mto view[0m[2m · [0m[37mp[0m [2mprompt[0m[2m · [0m[37m/[0m [2mfind[0m[2m · [0m[37m:[0m [2mcmd[0m[2m · [0m[37m?[0m [2mhelp[0m[2m · [0m[37mesc[0m [2mback[0m[2m · [0m[37mq[0m [2mquit[0m[0m
80x24 0| [48;5;61m[37m[1m perf [0m[48;5;236m perf-instance [0m[2m  ⎇ [0m[1mmain[0m                                       [48;5;115m[30m ✓ synced [0m[0m
80x24 1|[90m╭─[0m[48;5;236m main [0m[2m · ✓ synced · ✓ clean · 1 comm[90m╭─[0m[48;5;236m Welcome [0m[90m──────────────────────────────╮[0m[0m
80x24 2|[90m│[0m  [2mrecent commits[0m                    [90m│[0m[90m│[0m [1mWelcome, perf[0m                          [90m│[0m[0m
80x24 3|[90m│[0m[90m┃ Init: packages loaded from disk[0m  [2mD[90m│[0m[90m│[0m                                        [90m│[0m[0m
80x24 4|[90m│[0m                                    [90m│[0m[90m│[0m [2mDark Matter is a package tree. What y  [90m│[0m[0m
80x24 5|[90m│[0m  [2mbranches · 1 open[0m                 [90m│[0m[90m│[0m   [2mou write lives in it, under your[0m     [90m│[0m[0m
80x24 6|[90m│[0m  ● main              [38;5;141m╭─[0m[48;5;61m[37m[1m ⏎ go · esc [0m[38;5;141m───────────────────╮[0m                      [90m│[0m[0m
80x24 7|[90m│[0m                      [38;5;141m│[0m[38;5;141m┃   Home[0m                      [2m1[0m [38;5;141m│[0m                      [90m│[0m[0m
80x24 8|[90m│[0m                      [38;5;141m│[0m  ▸ Code                      [2m2[0m [38;5;141m│[0m                      [90m│[0m[0m
80x24 9|[90m│[0m                      [38;5;141m│[0m  ▸ Changes                   [2m3[0m [38;5;141m│[0m                      [90m│[0m[0m
80x24 10|[90m│[0m                      [38;5;141m│[0m    REPL                      [2m4[0m [38;5;141m│[0m                      [90m│[0m[0m
80x24 11|[90m│[0m                      [38;5;141m│[0m  ▸ Run                       [2m5[0m [38;5;141m│[0m                      [90m│[0m[0m
80x24 12|[90m│[0m                      [38;5;141m│[0m  ▸ Activity                  [2m6[0m [38;5;141m│[0m                      [90m│[0m[0m
80x24 13|[90m│[0m                      [38;5;141m│[0m  ▸ AI                        [2m7[0m [38;5;141m│[0m                      [90m│[0m[0m
80x24 14|[90m│[0m                      [38;5;141m│[0m    Docs                      [2m8[0m [38;5;141m│[0m                      [90m│[0m[0m
80x24 15|[90m│[0m                      [38;5;141m│[0m    Instance                  [2m9[0m [38;5;141m│[0m                      [90m│[0m[0m
80x24 16|[90m│[0m                      [38;5;141m╰────────────────────────────────╯[0m                      [90m│[0m[0m
80x24 17|[90m│[0m                                    [90m│[0m[90m│[0m                                        [90m│[0m[0m
80x24 18|[90m│[0m                                    [90m│[0m[90m│[0m                                        [90m│[0m[0m
80x24 19|[90m│[0m                                    [90m│[0m[90m│[0m                                        [90m│[0m[0m
80x24 20|[90m│[0m                                    [90m│[0m[90m│[0m                                        [90m│[0m[0m
80x24 21|[90m│[0m                                    [90m│[0m[90m│[0m                                        [90m│[0m[0m
80x24 22|[90m╰────────────────────────────────────╯[0m[90m╰────────────────────────────────────────╯[0m[0m
80x24 23|  [37m↑↓[0m [2mmove[0m[2m · [0m[37m⏎[0m [2mgo[0m[2m · [0m[37m1-9[0m [2mworkspace[0m[2m · [0m[37m→[0m [2mto view[0m[2m · [0m[37mp[0m [2mprompt[0m[2m · [0m[37m/[0m [2mfind[0m[2m · [0m[37m:[0m [2mcmd[0m[2m · [0m[37m?[0m [2mhel[0m
40x10 0|
40x10 1|
40x10 2|
40x10 3|
40x10 4|
40x10 5|[2mterminal too small - resize to at least [0m
40x10 6|
40x10 7|
40x10 8|
40x10 9|
-- end of golden view --
