start 0| [48;5;61m[37m[1m perf [0m[48;5;236m perf-instance [0m[2m  ⎇ [0m[1mmain[0m                                                                               [48;5;115m[30m ✓ synced [0m[0m
start 1|[38;5;141m╭[0m[38;5;141m──────────────────────╮[0m[90m╭─[0m[48;5;236m main [0m[2m · ✓ synced · ✓ clean · 1 commit [0m[90m────╮[0m[90m╭─[0m[48;5;236m Welcome [0m[90m──────────────────────────────────────╮[0m[0m
start 2|[38;5;141m│[0m[38;5;141m┃   Home[0m            [2m1[0m [38;5;141m│[0m[90m│[0m  [2mrecent commits[0m                            [90m│[0m[90m│[0m [1mWelcome, perf[0m                                  [90m│[0m[0m
start 3|[38;5;141m│[0m  ▸ Code            [2m2[0m [38;5;141m│[0m[90m│[0m[90m┃ Init: packages loaded from disk[0m  [2mDarklang [90m│[0m[90m│[0m                                                [90m│[0m[0m
start 4|[38;5;141m│[0m  ▸ Changes         [2m3[0m [38;5;141m│[0m[90m│[0m                                            [90m│[0m[90m│[0m [2mDark Matter is a package tree. What you write  [90m│[0m[0m
start 5|[38;5;141m│[0m    REPL            [2m4[0m [38;5;141m│[0m[90m│[0m  [2mbranches · 1 open[0m                         [90m│[0m[90m│[0m   [2m lives in it, under your[0m                     [90m│[0m[0m
start 6|[38;5;141m│[0m  ▸ Run             [2m5[0m [38;5;141m│[0m[90m│[0m  ● main                           [2mthis one[0m [90m│[0m[90m│[0m [2mname, and syncs. This is your branch.[0m          [90m│[0m[0m
start 7|[38;5;141m│[0m  ▸ Activity        [2m6[0m [38;5;141m│[0m[90m│[0m                                            [90m│[0m[90m│[0m                                                [90m│[0m[0m
start 8|[38;5;141m│[0m  ▸ AI              [2m7[0m [38;5;141m│[0m[90m│[0m                                            [90m│[0m[90m│[0m [37m2[0m    [1mlook around[0m[2m     the tree - Darklang.Stdl  [90m│[0m[0m
start 9|[38;5;141m│[0m    Docs            [2m8[0m [38;5;141m│[0m[90m│[0m                                            [90m│[0m[90m│[0m   [2mib first[0m                                     [90m│[0m[0m
start 10|[38;5;141m│[0m    Instance        [2m9[0m [38;5;141m│[0m[90m│[0m                                            [90m│[0m[90m│[0m [37m4 ⏎[0m  [1mtry something[0m[2m REPL - Stdlib.List.map (fu  [90m│[0m[0m
start 11|[38;5;141m│[0m                      [38;5;141m│[0m[90m│[0m                                            [90m│[0m[90m│[0m   [2mn x -> x + 1) [1; 2][0m                         [90m│[0m[0m
start 12|[38;5;141m│[0m                      [38;5;141m│[0m[90m│[0m                                            [90m│[0m[90m│[0m [37m:[0m    [1mmake something[0m[2m  :new fn [0mperf.hello        [90m│[0m[0m
start 13|[38;5;141m│[0m                      [38;5;141m│[0m[90m│[0m                                            [90m│[0m[90m│[0m [37mb[0m    [1mbranch first[0m[2m    if you'd rather not work  [90m│[0m[0m
start 14|[38;5;141m│[0m                      [38;5;141m│[0m[90m│[0m                                            [90m│[0m[90m│[0m   [2m on main[0m                                     [90m│[0m[0m
start 15|[38;5;141m│[0m                      [38;5;141m│[0m[90m│[0m                                            [90m│[0m[90m│[0m                                                [90m│[0m[0m
start 16|[38;5;141m│[0m                      [38;5;141m│[0m[90m│[0m                                            [90m│[0m[90m│[0m                                                [90m│[0m[0m
start 17|[38;5;141m│[0m                      [38;5;141m│[0m[90m│[0m                                            [90m│[0m[90m│[0m                                                [90m│[0m[0m
start 18|[38;5;141m│[0m                      [38;5;141m│[0m[90m│[0m                                            [90m│[0m[90m│[0m                                                [90m│[0m[0m
start 19|[38;5;141m│[0m                      [38;5;141m│[0m[90m│[0m                                            [90m│[0m[90m│[0m                                                [90m│[0m[0m
start 20|[38;5;141m│[0m                      [38;5;141m│[0m[90m│[0m                                            [90m│[0m[90m│[0m                                                [90m│[0m[0m
start 21|[38;5;141m│[0m                      [38;5;141m│[0m[90m│[0m                                            [90m│[0m[90m│[0m                                                [90m│[0m[0m
start 22|[38;5;141m│[0m                      [38;5;141m│[0m[90m│[0m                                            [90m│[0m[90m│[0m                                                [90m│[0m[0m
start 23|[38;5;141m│[0m                      [38;5;141m│[0m[90m│[0m                                            [90m│[0m[90m│[0m                                                [90m│[0m[0m
start 24|[38;5;141m│[0m                      [38;5;141m│[0m[90m│[0m                                            [90m│[0m[90m│[0m                                                [90m│[0m[0m
start 25|[38;5;141m│[0m                      [38;5;141m│[0m[90m│[0m                                            [90m│[0m[90m│[0m                                                [90m│[0m[0m
start 26|[38;5;141m│[0m                      [38;5;141m│[0m[90m│[0m                                            [90m│[0m[90m│[0m                                                [90m│[0m[0m
start 27|[38;5;141m│[0m                      [38;5;141m│[0m[90m│[0m                                            [90m│[0m[90m│[0m                                                [90m│[0m[0m
start 28|[38;5;141m│[0m                      [38;5;141m│[0m[90m│[0m                                            [90m│[0m[90m│[0m                                                [90m│[0m[0m
start 29|[38;5;141m│[0m                      [38;5;141m│[0m[90m│[0m                                            [90m│[0m[90m│[0m                                                [90m│[0m[0m
start 30|[38;5;141m│[0m                      [38;5;141m│[0m[90m│[0m                                            [90m│[0m[90m│[0m                                                [90m│[0m[0m
start 31|[38;5;141m│[0m                      [38;5;141m│[0m[90m│[0m                                            [90m│[0m[90m│[0m                                                [90m│[0m[0m
start 32|[38;5;141m│[0m                      [38;5;141m│[0m[90m│[0m                                            [90m│[0m[90m│[0m                                                [90m│[0m[0m
start 33|[38;5;141m│[0m                      [38;5;141m│[0m[90m│[0m                                            [90m│[0m[90m│[0m                                                [90m│[0m[0m
start 34|[38;5;141m│[0m                      [38;5;141m│[0m[90m│[0m                                            [90m│[0m[90m│[0m                                                [90m│[0m[0m
start 35|[38;5;141m│[0m                      [38;5;141m│[0m[90m│[0m                                            [90m│[0m[90m│[0m                                                [90m│[0m[0m
start 36|[38;5;141m│[0m                      [38;5;141m│[0m[90m│[0m                                            [90m│[0m[90m│[0m                                                [90m│[0m[0m
start 37|[38;5;141m│[0m                      [38;5;141m│[0m[90m│[0m                                            [90m│[0m[90m│[0m                                                [90m│[0m[0m
start 38|[38;5;141m╰──────────────────────╯[0m[90m╰────────────────────────────────────────────╯[0m[90m╰────────────────────────────────────────────────╯[0m[0m
start 39|  [37m↑↓[0m [2mmove[0m[2m · [0m[37m⏎[0m [2mgo[0m[2m · [0m[37m1-9[0m [2mworkspace[0m[2m · [0m[37m→[0m [2mto view[0m[2m · [0m[37mp[0m [2mprompt[0m[2m · [0m[37m/[0m [2mfind[0m[2m · [0m[37m:[0m [2mcmd[0m[2m · [0m[37m?[0m [2mhelp[0m[2m · [0m[37mesc[0m [2mback[0m[2m · [0m[37mq[0m [2mquit[0m[0m
tab 0| [48;5;61m[37m[1m perf [0m[48;5;236m perf-instance [0m[2m  ⎇ [0m[1mmain[0m                                                                               [48;5;115m[30m ✓ synced [0m[0m
tab 1|[90m╭[0m[90m──────────────────────╮[0m[38;5;141m╭─[0m[48;5;61m[37m[1m main [0m[2m · ✓ synced · ✓ clean · 1 commit [0m[38;5;141m────╮[0m[90m╭─[0m[48;5;236m Welcome [0m[90m──────────────────────────────────────╮[0m[0m
tab 2|[90m│[0m  [1m  Home[0m            [2m1[0m [90m│[0m[38;5;141m│[0m  [2mrecent commits[0m                            [38;5;141m│[0m[90m│[0m [1mWelcome, perf[0m                                  [90m│[0m[0m
tab 3|[90m│[0m  [2m▸ Code[0m            [2m2[0m [90m│[0m[38;5;141m│[0m[38;5;141m┃ Init: packages loaded from disk[0m  [2mDarklang [38;5;141m│[0m[90m│[0m                                                [90m│[0m[0m
tab 4|[90m│[0m  [2m▸ Changes[0m         [2m3[0m [90m│[0m[38;5;141m│[0m                                            [38;5;141m│[0m[90m│[0m [2mDark Matter is a package tree. What you write  [90m│[0m[0m
tab 5|[90m│[0m  [2m  REPL[0m            [2m4[0m [90m│[0m[38;5;141m│[0m  [2mbranches · 1 open[0m                         [38;5;141m│[0m[90m│[0m   [2m lives in it, under your[0m                     [90m│[0m[0m
tab 6|[90m│[0m  [2m▸ Run[0m             [2m5[0m [90m│[0m[38;5;141m│[0m  ● main                           [2mthis one[0m [38;5;141m│[0m[90m│[0m [2mname, and syncs. This is your branch.[0m          [90m│[0m[0m
tab 7|[90m│[0m  [2m▸ Activity[0m        [2m6[0m [90m│[0m[38;5;141m│[0m                                            [38;5;141m│[0m[90m│[0m                                                [90m│[0m[0m
tab 8|[90m│[0m  [2m▸ AI[0m              [2m7[0m [90m│[0m[38;5;141m│[0m                                            [38;5;141m│[0m[90m│[0m [37m2[0m    [1mlook around[0m[2m     the tree - Darklang.Stdl  [90m│[0m[0m
tab 9|[90m│[0m  [2m  Docs[0m            [2m8[0m [90m│[0m[38;5;141m│[0m                                            [38;5;141m│[0m[90m│[0m   [2mib first[0m                                     [90m│[0m[0m
tab 10|[90m│[0m  [2m  Instance[0m        [2m9[0m [90m│[0m[38;5;141m│[0m                                            [38;5;141m│[0m[90m│[0m [37m4 ⏎[0m  [1mtry something[0m[2m REPL - Stdlib.List.map (fu  [90m│[0m[0m
tab 11|[90m│[0m                      [90m│[0m[38;5;141m│[0m                                            [38;5;141m│[0m[90m│[0m   [2mn x -> x + 1) [1; 2][0m                         [90m│[0m[0m
tab 12|[90m│[0m                      [90m│[0m[38;5;141m│[0m                                            [38;5;141m│[0m[90m│[0m [37m:[0m    [1mmake something[0m[2m  :new fn [0mperf.hello        [90m│[0m[0m
tab 13|[90m│[0m                      [90m│[0m[38;5;141m│[0m                                            [38;5;141m│[0m[90m│[0m [37mb[0m    [1mbranch first[0m[2m    if you'd rather not work  [90m│[0m[0m
tab 14|[90m│[0m                      [90m│[0m[38;5;141m│[0m                                            [38;5;141m│[0m[90m│[0m   [2m on main[0m                                     [90m│[0m[0m
tab 15|[90m│[0m                      [90m│[0m[38;5;141m│[0m                                            [38;5;141m│[0m[90m│[0m                                                [90m│[0m[0m
tab 16|[90m│[0m                      [90m│[0m[38;5;141m│[0m                                            [38;5;141m│[0m[90m│[0m                                                [90m│[0m[0m
tab 17|[90m│[0m                      [90m│[0m[38;5;141m│[0m                                            [38;5;141m│[0m[90m│[0m                                                [90m│[0m[0m
tab 18|[90m│[0m                      [90m│[0m[38;5;141m│[0m                                            [38;5;141m│[0m[90m│[0m                                                [90m│[0m[0m
tab 19|[90m│[0m                      [90m│[0m[38;5;141m│[0m                                            [38;5;141m│[0m[90m│[0m                                                [90m│[0m[0m
tab 20|[90m│[0m                      [90m│[0m[38;5;141m│[0m                                            [38;5;141m│[0m[90m│[0m                                                [90m│[0m[0m
tab 21|[90m│[0m                      [90m│[0m[38;5;141m│[0m                                            [38;5;141m│[0m[90m│[0m                                                [90m│[0m[0m
tab 22|[90m│[0m                      [90m│[0m[38;5;141m│[0m                                            [38;5;141m│[0m[90m│[0m                                                [90m│[0m[0m
tab 23|[90m│[0m                      [90m│[0m[38;5;141m│[0m                                            [38;5;141m│[0m[90m│[0m                                                [90m│[0m[0m
tab 24|[90m│[0m                      [90m│[0m[38;5;141m│[0m                                            [38;5;141m│[0m[90m│[0m                                                [90m│[0m[0m
tab 25|[90m│[0m                      [90m│[0m[38;5;141m│[0m                                            [38;5;141m│[0m[90m│[0m                                                [90m│[0m[0m
tab 26|[90m│[0m                      [90m│[0m[38;5;141m│[0m                                            [38;5;141m│[0m[90m│[0m                                                [90m│[0m[0m
tab 27|[90m│[0m                      [90m│[0m[38;5;141m│[0m                                            [38;5;141m│[0m[90m│[0m                                                [90m│[0m[0m
tab 28|[90m│[0m                      [90m│[0m[38;5;141m│[0m                                            [38;5;141m│[0m[90m│[0m                                                [90m│[0m[0m
tab 29|[90m│[0m                      [90m│[0m[38;5;141m│[0m                                            [38;5;141m│[0m[90m│[0m                                                [90m│[0m[0m
tab 30|[90m│[0m                      [90m│[0m[38;5;141m│[0m                                            [38;5;141m│[0m[90m│[0m                                                [90m│[0m[0m
tab 31|[90m│[0m                      [90m│[0m[38;5;141m│[0m                                            [38;5;141m│[0m[90m│[0m                                                [90m│[0m[0m
tab 32|[90m│[0m                      [90m│[0m[38;5;141m│[0m                                            [38;5;141m│[0m[90m│[0m                                                [90m│[0m[0m
tab 33|[90m│[0m                      [90m│[0m[38;5;141m│[0m                                            [38;5;141m│[0m[90m│[0m                                                [90m│[0m[0m
tab 34|[90m│[0m                      [90m│[0m[38;5;141m│[0m                                            [38;5;141m│[0m[90m│[0m                                                [90m│[0m[0m
tab 35|[90m│[0m                      [90m│[0m[38;5;141m│[0m                                            [38;5;141m│[0m[90m│[0m                                                [90m│[0m[0m
tab 36|[90m│[0m                      [90m│[0m[38;5;141m│[0m                                            [38;5;141m│[0m[90m│[0m                                                [90m│[0m[0m
tab 37|[90m│[0m                      [90m│[0m[38;5;141m│[0m                                            [38;5;141m│[0m[90m│[0m                                                [90m│[0m[0m
tab 38|[90m╰──────────────────────╯[0m[38;5;141m╰────────────────────────────────────────────╯[0m[90m╰────────────────────────────────────────────────╯[0m[0m
tab 39|  [37m↑↓[0m [2mmove[0m[2m · [0m[37m⏎[0m [2mopen[0m[2m · [0m[37mb[0m [2mbranch[0m[2m · [0m[37m←→[0m [2mpane[0m[2m · [0m[37m/[0m [2mfind[0m[2m · [0m[37m:[0m [2mcmd[0m[2m · [0m[37m?[0m [2mhelp[0m[2m · [0m[37mesc[0m [2mback[0m[2m · [0m[37mq[0m [2mquit[0m[0m
down1 0| [48;5;61m[37m[1m perf [0m[48;5;236m perf-instance [0m[2m  ⎇ [0m[1mmain[0m                                                                               [48;5;115m[30m ✓ synced [0m[0m
down1 1|[90m╭[0m[90m──────────────────────╮[0m[38;5;141m╭─[0m[48;5;61m[37m[1m main [0m[2m · ✓ synced · ✓ clean · 1 commit [0m[38;5;141m────╮[0m[90m╭─[0m[48;5;236m Welcome [0m[90m──────────────────────────────────────╮[0m[0m
down1 2|[90m│[0m  [1m  Home[0m            [2m1[0m [90m│[0m[38;5;141m│[0m  [2mrecent commits[0m                            [38;5;141m│[0m[90m│[0m [1mWelcome, perf[0m                                  [90m│[0m[0m
down1 3|[90m│[0m  [2m▸ Code[0m            [2m2[0m [90m│[0m[38;5;141m│[0m  Init: packages loaded from disk  [2mDarklang [38;5;141m│[0m[90m│[0m                                                [90m│[0m[0m
down1 4|[90m│[0m  [2m▸ Changes[0m         [2m3[0m [90m│[0m[38;5;141m│[0m                                            [38;5;141m│[0m[90m│[0m [2mDark Matter is a package tree. What you write  [90m│[0m[0m
down1 5|[90m│[0m  [2m  REPL[0m            [2m4[0m [90m│[0m[38;5;141m│[0m  [2mbranches · 1 open[0m                         [38;5;141m│[0m[90m│[0m   [2m lives in it, under your[0m                     [90m│[0m[0m
down1 6|[90m│[0m  [2m▸ Run[0m             [2m5[0m [90m│[0m[38;5;141m│[0m[38;5;141m┃ ● main[0m                           [2mthis one[0m [38;5;141m│[0m[90m│[0m [2mname, and syncs. This is your branch.[0m          [90m│[0m[0m
down1 7|[90m│[0m  [2m▸ Activity[0m        [2m6[0m [90m│[0m[38;5;141m│[0m                                            [38;5;141m│[0m[90m│[0m                                                [90m│[0m[0m
down1 8|[90m│[0m  [2m▸ AI[0m              [2m7[0m [90m│[0m[38;5;141m│[0m                                            [38;5;141m│[0m[90m│[0m [37m2[0m    [1mlook around[0m[2m     the tree - Darklang.Stdl  [90m│[0m[0m
down1 9|[90m│[0m  [2m  Docs[0m            [2m8[0m [90m│[0m[38;5;141m│[0m                                            [38;5;141m│[0m[90m│[0m   [2mib first[0m                                     [90m│[0m[0m
down1 10|[90m│[0m  [2m  Instance[0m        [2m9[0m [90m│[0m[38;5;141m│[0m                                            [38;5;141m│[0m[90m│[0m [37m4 ⏎[0m  [1mtry something[0m[2m REPL - Stdlib.List.map (fu  [90m│[0m[0m
down1 11|[90m│[0m                      [90m│[0m[38;5;141m│[0m                                            [38;5;141m│[0m[90m│[0m   [2mn x -> x + 1) [1; 2][0m                         [90m│[0m[0m
down1 12|[90m│[0m                      [90m│[0m[38;5;141m│[0m                                            [38;5;141m│[0m[90m│[0m [37m:[0m    [1mmake something[0m[2m  :new fn [0mperf.hello        [90m│[0m[0m
down1 13|[90m│[0m                      [90m│[0m[38;5;141m│[0m                                            [38;5;141m│[0m[90m│[0m [37mb[0m    [1mbranch first[0m[2m    if you'd rather not work  [90m│[0m[0m
down1 14|[90m│[0m                      [90m│[0m[38;5;141m│[0m                                            [38;5;141m│[0m[90m│[0m   [2m on main[0m                                     [90m│[0m[0m
down1 15|[90m│[0m                      [90m│[0m[38;5;141m│[0m                                            [38;5;141m│[0m[90m│[0m                                                [90m│[0m[0m
down1 16|[90m│[0m                      [90m│[0m[38;5;141m│[0m                                            [38;5;141m│[0m[90m│[0m                                                [90m│[0m[0m
down1 17|[90m│[0m                      [90m│[0m[38;5;141m│[0m                                            [38;5;141m│[0m[90m│[0m                                                [90m│[0m[0m
down1 18|[90m│[0m                      [90m│[0m[38;5;141m│[0m                                            [38;5;141m│[0m[90m│[0m                                                [90m│[0m[0m
down1 19|[90m│[0m                      [90m│[0m[38;5;141m│[0m                                            [38;5;141m│[0m[90m│[0m                                                [90m│[0m[0m
down1 20|[90m│[0m                      [90m│[0m[38;5;141m│[0m                                            [38;5;141m│[0m[90m│[0m                                                [90m│[0m[0m
down1 21|[90m│[0m                      [90m│[0m[38;5;141m│[0m                                            [38;5;141m│[0m[90m│[0m                                                [90m│[0m[0m
down1 22|[90m│[0m                      [90m│[0m[38;5;141m│[0m                                            [38;5;141m│[0m[90m│[0m                                                [90m│[0m[0m
down1 23|[90m│[0m                      [90m│[0m[38;5;141m│[0m                                            [38;5;141m│[0m[90m│[0m                                                [90m│[0m[0m
down1 24|[90m│[0m                      [90m│[0m[38;5;141m│[0m                                            [38;5;141m│[0m[90m│[0m                                                [90m│[0m[0m
down1 25|[90m│[0m                      [90m│[0m[38;5;141m│[0m                                            [38;5;141m│[0m[90m│[0m                                                [90m│[0m[0m
down1 26|[90m│[0m                      [90m│[0m[38;5;141m│[0m                                            [38;5;141m│[0m[90m│[0m                                                [90m│[0m[0m
down1 27|[90m│[0m                      [90m│[0m[38;5;141m│[0m                                            [38;5;141m│[0m[90m│[0m                                                [90m│[0m[0m
down1 28|[90m│[0m                      [90m│[0m[38;5;141m│[0m                                            [38;5;141m│[0m[90m│[0m                                                [90m│[0m[0m
down1 29|[90m│[0m                      [90m│[0m[38;5;141m│[0m                                            [38;5;141m│[0m[90m│[0m                                                [90m│[0m[0m
down1 30|[90m│[0m                      [90m│[0m[38;5;141m│[0m                                            [38;5;141m│[0m[90m│[0m                                                [90m│[0m[0m
down1 31|[90m│[0m                      [90m│[0m[38;5;141m│[0m                                            [38;5;141m│[0m[90m│[0m                                                [90m│[0m[0m
down1 32|[90m│[0m                      [90m│[0m[38;5;141m│[0m                                            [38;5;141m│[0m[90m│[0m                                                [90m│[0m[0m
down1 33|[90m│[0m                      [90m│[0m[38;5;141m│[0m                                            [38;5;141m│[0m[90m│[0m                                                [90m│[0m[0m
down1 34|[90m│[0m                      [90m│[0m[38;5;141m│[0m                                            [38;5;141m│[0m[90m│[0m                                                [90m│[0m[0m
down1 35|[90m│[0m                      [90m│[0m[38;5;141m│[0m                                            [38;5;141m│[0m[90m│[0m                                                [90m│[0m[0m
down1 36|[90m│[0m                      [90m│[0m[38;5;141m│[0m                                            [38;5;141m│[0m[90m│[0m                                                [90m│[0m[0m
down1 37|[90m│[0m                      [90m│[0m[38;5;141m│[0m                                            [38;5;141m│[0m[90m│[0m                                                [90m│[0m[0m
down1 38|[90m╰──────────────────────╯[0m[38;5;141m╰────────────────────────────────────────────╯[0m[90m╰────────────────────────────────────────────────╯[0m[0m
down1 39|  [37m↑↓[0m [2mmove[0m[2m · [0m[37m⏎[0m [2mswitch[0m[2m · [0m[37mb[0m [2mnew[0m[2m · [0m[37mm[0m [2mmerge[0m[2m · [0m[37mr[0m [2mrebase[0m[2m · [0m[37m←→[0m [2mpane[0m[2m · [0m[37m/[0m [2mfind[0m[2m · [0m[37m:[0m [2mcmd[0m[2m · [0m[37m?[0m [2mhelp[0m[2m · [0m[37mesc[0m [2mback[0m[2m · [0m[37mq[0m [2mquit[0m[0m
down2 0| [48;5;61m[37m[1m perf [0m[48;5;236m perf-instance [0m[2m  ⎇ [0m[1mmain[0m                                                                               [48;5;115m[30m ✓ synced [0m[0m
down2 1|[90m╭[0m[90m──────────────────────╮[0m[38;5;141m╭─[0m[48;5;61m[37m[1m main [0m[2m · ✓ synced · ✓ clean · 1 commit [0m[38;5;141m────╮[0m[90m╭─[0m[48;5;236m Welcome [0m[90m──────────────────────────────────────╮[0m[0m
down2 2|[90m│[0m  [1m  Home[0m            [2m1[0m [90m│[0m[38;5;141m│[0m  [2mrecent commits[0m                            [38;5;141m│[0m[90m│[0m [1mWelcome, perf[0m                                  [90m│[0m[0m
down2 3|[90m│[0m  [2m▸ Code[0m            [2m2[0m [90m│[0m[38;5;141m│[0m  Init: packages loaded from disk  [2mDarklang [38;5;141m│[0m[90m│[0m                                                [90m│[0m[0m
down2 4|[90m│[0m  [2m▸ Changes[0m         [2m3[0m [90m│[0m[38;5;141m│[0m                                            [38;5;141m│[0m[90m│[0m [2mDark Matter is a package tree. What you write  [90m│[0m[0m
down2 5|[90m│[0m  [2m  REPL[0m            [2m4[0m [90m│[0m[38;5;141m│[0m  [2mbranches · 1 open[0m                         [38;5;141m│[0m[90m│[0m   [2m lives in it, under your[0m                     [90m│[0m[0m
down2 6|[90m│[0m  [2m▸ Run[0m             [2m5[0m [90m│[0m[38;5;141m│[0m[38;5;141m┃ ● main[0m                           [2mthis one[0m [38;5;141m│[0m[90m│[0m [2mname, and syncs. This is your branch.[0m          [90m│[0m[0m
down2 7|[90m│[0m  [2m▸ Activity[0m        [2m6[0m [90m│[0m[38;5;141m│[0m                                            [38;5;141m│[0m[90m│[0m                                                [90m│[0m[0m
down2 8|[90m│[0m  [2m▸ AI[0m              [2m7[0m [90m│[0m[38;5;141m│[0m                                            [38;5;141m│[0m[90m│[0m [37m2[0m    [1mlook around[0m[2m     the tree - Darklang.Stdl  [90m│[0m[0m
down2 9|[90m│[0m  [2m  Docs[0m            [2m8[0m [90m│[0m[38;5;141m│[0m                                            [38;5;141m│[0m[90m│[0m   [2mib first[0m                                     [90m│[0m[0m
down2 10|[90m│[0m  [2m  Instance[0m        [2m9[0m [90m│[0m[38;5;141m│[0m                                            [38;5;141m│[0m[90m│[0m [37m4 ⏎[0m  [1mtry something[0m[2m REPL - Stdlib.List.map (fu  [90m│[0m[0m
down2 11|[90m│[0m                      [90m│[0m[38;5;141m│[0m                                            [38;5;141m│[0m[90m│[0m   [2mn x -> x + 1) [1; 2][0m                         [90m│[0m[0m
down2 12|[90m│[0m                      [90m│[0m[38;5;141m│[0m                                            [38;5;141m│[0m[90m│[0m [37m:[0m    [1mmake something[0m[2m  :new fn [0mperf.hello        [90m│[0m[0m
down2 13|[90m│[0m                      [90m│[0m[38;5;141m│[0m                                            [38;5;141m│[0m[90m│[0m [37mb[0m    [1mbranch first[0m[2m    if you'd rather not work  [90m│[0m[0m
down2 14|[90m│[0m                      [90m│[0m[38;5;141m│[0m                                            [38;5;141m│[0m[90m│[0m   [2m on main[0m                                     [90m│[0m[0m
down2 15|[90m│[0m                      [90m│[0m[38;5;141m│[0m                                            [38;5;141m│[0m[90m│[0m                                                [90m│[0m[0m
down2 16|[90m│[0m                      [90m│[0m[38;5;141m│[0m                                            [38;5;141m│[0m[90m│[0m                                                [90m│[0m[0m
down2 17|[90m│[0m                      [90m│[0m[38;5;141m│[0m                                            [38;5;141m│[0m[90m│[0m                                                [90m│[0m[0m
down2 18|[90m│[0m                      [90m│[0m[38;5;141m│[0m                                            [38;5;141m│[0m[90m│[0m                                                [90m│[0m[0m
down2 19|[90m│[0m                      [90m│[0m[38;5;141m│[0m                                            [38;5;141m│[0m[90m│[0m                                                [90m│[0m[0m
down2 20|[90m│[0m                      [90m│[0m[38;5;141m│[0m                                            [38;5;141m│[0m[90m│[0m                                                [90m│[0m[0m
down2 21|[90m│[0m                      [90m│[0m[38;5;141m│[0m                                            [38;5;141m│[0m[90m│[0m                                                [90m│[0m[0m
down2 22|[90m│[0m                      [90m│[0m[38;5;141m│[0m                                            [38;5;141m│[0m[90m│[0m                                                [90m│[0m[0m
down2 23|[90m│[0m                      [90m│[0m[38;5;141m│[0m                                            [38;5;141m│[0m[90m│[0m                                                [90m│[0m[0m
down2 24|[90m│[0m                      [90m│[0m[38;5;141m│[0m                                            [38;5;141m│[0m[90m│[0m                                                [90m│[0m[0m
down2 25|[90m│[0m                      [90m│[0m[38;5;141m│[0m                                            [38;5;141m│[0m[90m│[0m                                                [90m│[0m[0m
down2 26|[90m│[0m                      [90m│[0m[38;5;141m│[0m                                            [38;5;141m│[0m[90m│[0m                                                [90m│[0m[0m
down2 27|[90m│[0m                      [90m│[0m[38;5;141m│[0m                                            [38;5;141m│[0m[90m│[0m                                                [90m│[0m[0m
down2 28|[90m│[0m                      [90m│[0m[38;5;141m│[0m                                            [38;5;141m│[0m[90m│[0m                                                [90m│[0m[0m
down2 29|[90m│[0m                      [90m│[0m[38;5;141m│[0m                                            [38;5;141m│[0m[90m│[0m                                                [90m│[0m[0m
down2 30|[90m│[0m                      [90m│[0m[38;5;141m│[0m                                            [38;5;141m│[0m[90m│[0m                                                [90m│[0m[0m
down2 31|[90m│[0m                      [90m│[0m[38;5;141m│[0m                                            [38;5;141m│[0m[90m│[0m                                                [90m│[0m[0m
down2 32|[90m│[0m                      [90m│[0m[38;5;141m│[0m                                            [38;5;141m│[0m[90m│[0m                                                [90m│[0m[0m
down2 33|[90m│[0m                      [90m│[0m[38;5;141m│[0m                                            [38;5;141m│[0m[90m│[0m                                                [90m│[0m[0m
down2 34|[90m│[0m                      [90m│[0m[38;5;141m│[0m                                            [38;5;141m│[0m[90m│[0m                                                [90m│[0m[0m
down2 35|[90m│[0m                      [90m│[0m[38;5;141m│[0m                                            [38;5;141m│[0m[90m│[0m                                                [90m│[0m[0m
down2 36|[90m│[0m                      [90m│[0m[38;5;141m│[0m                                            [38;5;141m│[0m[90m│[0m                                                [90m│[0m[0m
down2 37|[90m│[0m                      [90m│[0m[38;5;141m│[0m                                            [38;5;141m│[0m[90m│[0m                                                [90m│[0m[0m
down2 38|[90m╰──────────────────────╯[0m[38;5;141m╰────────────────────────────────────────────╯[0m[90m╰────────────────────────────────────────────────╯[0m[0m
down2 39|  [37m↑↓[0m [2mmove[0m[2m · [0m[37m⏎[0m [2mswitch[0m[2m · [0m[37mb[0m [2mnew[0m[2m · [0m[37mm[0m [2mmerge[0m[2m · [0m[37mr[0m [2mrebase[0m[2m · [0m[37m←→[0m [2mpane[0m[2m · [0m[37m/[0m [2mfind[0m[2m · [0m[37m:[0m [2mcmd[0m[2m · [0m[37m?[0m [2mhelp[0m[2m · [0m[37mesc[0m [2mback[0m[2m · [0m[37mq[0m [2mquit[0m[0m
right 0| [48;5;61m[37m[1m perf [0m[48;5;236m perf-instance [0m[2m  ⎇ [0m[1mmain[0m                                                                               [48;5;115m[30m ✓ synced [0m[0m
right 1|[90m╭[0m[90m──────────────────────╮[0m[90m╭─[0m[48;5;236m main [0m[2m · ✓ synced · ✓ clean · 1 commit [0m[90m────╮[0m[38;5;141m╭─[0m[48;5;61m[37m[1m Welcome [0m[38;5;141m──────────────────────────────────────╮[0m[0m
right 2|[90m│[0m  [1m  Home[0m            [2m1[0m [90m│[0m[90m│[0m  [2mrecent commits[0m                            [90m│[0m[38;5;141m│[0m [1mWelcome, perf[0m                                  [38;5;141m│[0m[0m
right 3|[90m│[0m  [2m▸ Code[0m            [2m2[0m [90m│[0m[90m│[0m  Init: packages loaded from disk  [2mDarklang [90m│[0m[38;5;141m│[0m                                                [38;5;141m│[0m[0m
right 4|[90m│[0m  [2m▸ Changes[0m         [2m3[0m [90m│[0m[90m│[0m                                            [90m│[0m[38;5;141m│[0m [2mDark Matter is a package tree. What you write  [38;5;141m│[0m[0m
right 5|[90m│[0m  [2m  REPL[0m            [2m4[0m [90m│[0m[90m│[0m  [2mbranches · 1 open[0m                         [90m│[0m[38;5;141m│[0m   [2m lives in it, under your[0m                     [38;5;141m│[0m[0m
right 6|[90m│[0m  [2m▸ Run[0m             [2m5[0m [90m│[0m[90m│[0m[90m┃ ● main[0m                           [2mthis one[0m [90m│[0m[38;5;141m│[0m [2mname, and syncs. This is your branch.[0m          [38;5;141m│[0m[0m
right 7|[90m│[0m  [2m▸ Activity[0m        [2m6[0m [90m│[0m[90m│[0m                                            [90m│[0m[38;5;141m│[0m                                                [38;5;141m│[0m[0m
right 8|[90m│[0m  [2m▸ AI[0m              [2m7[0m [90m│[0m[90m│[0m                                            [90m│[0m[38;5;141m│[0m [37m2[0m    [1mlook around[0m[2m     the tree - Darklang.Stdl  [38;5;141m│[0m[0m
right 9|[90m│[0m  [2m  Docs[0m            [2m8[0m [90m│[0m[90m│[0m                                            [90m│[0m[38;5;141m│[0m   [2mib first[0m                                     [38;5;141m│[0m[0m
right 10|[90m│[0m  [2m  Instance[0m        [2m9[0m [90m│[0m[90m│[0m                                            [90m│[0m[38;5;141m│[0m [37m4 ⏎[0m  [1mtry something[0m[2m REPL - Stdlib.List.map (fu  [38;5;141m│[0m[0m
right 11|[90m│[0m                      [90m│[0m[90m│[0m                                            [90m│[0m[38;5;141m│[0m   [2mn x -> x + 1) [1; 2][0m                         [38;5;141m│[0m[0m
right 12|[90m│[0m                      [90m│[0m[90m│[0m                                            [90m│[0m[38;5;141m│[0m [37m:[0m    [1mmake something[0m[2m  :new fn [0mperf.hello        [38;5;141m│[0m[0m
right 13|[90m│[0m                      [90m│[0m[90m│[0m                                            [90m│[0m[38;5;141m│[0m [37mb[0m    [1mbranch first[0m[2m    if you'd rather not work  [38;5;141m│[0m[0m
right 14|[90m│[0m                      [90m│[0m[90m│[0m                                            [90m│[0m[38;5;141m│[0m   [2m on main[0m                                     [38;5;141m│[0m[0m
right 15|[90m│[0m                      [90m│[0m[90m│[0m                                            [90m│[0m[38;5;141m│[0m                                                [38;5;141m│[0m[0m
right 16|[90m│[0m                      [90m│[0m[90m│[0m                                            [90m│[0m[38;5;141m│[0m                                                [38;5;141m│[0m[0m
right 17|[90m│[0m                      [90m│[0m[90m│[0m                                            [90m│[0m[38;5;141m│[0m                                                [38;5;141m│[0m[0m
right 18|[90m│[0m                      [90m│[0m[90m│[0m                                            [90m│[0m[38;5;141m│[0m                                                [38;5;141m│[0m[0m
right 19|[90m│[0m                      [90m│[0m[90m│[0m                                            [90m│[0m[38;5;141m│[0m                                                [38;5;141m│[0m[0m
right 20|[90m│[0m                      [90m│[0m[90m│[0m                                            [90m│[0m[38;5;141m│[0m                                                [38;5;141m│[0m[0m
right 21|[90m│[0m                      [90m│[0m[90m│[0m                                            [90m│[0m[38;5;141m│[0m                                                [38;5;141m│[0m[0m
right 22|[90m│[0m                      [90m│[0m[90m│[0m                                            [90m│[0m[38;5;141m│[0m                                                [38;5;141m│[0m[0m
right 23|[90m│[0m                      [90m│[0m[90m│[0m                                            [90m│[0m[38;5;141m│[0m                                                [38;5;141m│[0m[0m
right 24|[90m│[0m                      [90m│[0m[90m│[0m                                            [90m│[0m[38;5;141m│[0m                                                [38;5;141m│[0m[0m
right 25|[90m│[0m                      [90m│[0m[90m│[0m                                            [90m│[0m[38;5;141m│[0m                                                [38;5;141m│[0m[0m
right 26|[90m│[0m                      [90m│[0m[90m│[0m                                            [90m│[0m[38;5;141m│[0m                                                [38;5;141m│[0m[0m
right 27|[90m│[0m                      [90m│[0m[90m│[0m                                            [90m│[0m[38;5;141m│[0m                                                [38;5;141m│[0m[0m
right 28|[90m│[0m                      [90m│[0m[90m│[0m                                            [90m│[0m[38;5;141m│[0m                                                [38;5;141m│[0m[0m
right 29|[90m│[0m                      [90m│[0m[90m│[0m                                            [90m│[0m[38;5;141m│[0m                                                [38;5;141m│[0m[0m
right 30|[90m│[0m                      [90m│[0m[90m│[0m                                            [90m│[0m[38;5;141m│[0m                                                [38;5;141m│[0m[0m
right 31|[90m│[0m                      [90m│[0m[90m│[0m                                            [90m│[0m[38;5;141m│[0m                                                [38;5;141m│[0m[0m
right 32|[90m│[0m                      [90m│[0m[90m│[0m                                            [90m│[0m[38;5;141m│[0m                                                [38;5;141m│[0m[0m
right 33|[90m│[0m                      [90m│[0m[90m│[0m                                            [90m│[0m[38;5;141m│[0m                                                [38;5;141m│[0m[0m
right 34|[90m│[0m                      [90m│[0m[90m│[0m                                            [90m│[0m[38;5;141m│[0m                                                [38;5;141m│[0m[0m
right 35|[90m│[0m                      [90m│[0m[90m│[0m                                            [90m│[0m[38;5;141m│[0m                                                [38;5;141m│[0m[0m
right 36|[90m│[0m                      [90m│[0m[90m│[0m                                            [90m│[0m[38;5;141m│[0m                                                [38;5;141m│[0m[0m
right 37|[90m│[0m                      [90m│[0m[90m│[0m                                            [90m│[0m[38;5;141m│[0m                                                [38;5;141m│[0m[0m
right 38|[90m╰──────────────────────╯[0m[90m╰────────────────────────────────────────────╯[0m[38;5;141m╰────────────────────────────────────────────────╯[0m[0m
right 39|  [37m↑↓[0m [2mmove[0m[2m · [0m[37m⏎[0m [2mswitch[0m[2m · [0m[37mb[0m [2mnew[0m[2m · [0m[37mm[0m [2mmerge[0m[2m · [0m[37mr[0m [2mrebase[0m[2m · [0m[37m←→[0m [2mpane[0m[2m · [0m[37m/[0m [2mfind[0m[2m · [0m[37m:[0m [2mcmd[0m[2m · [0m[37m?[0m [2mhelp[0m[2m · [0m[37mesc[0m [2mback[0m[2m · [0m[37mq[0m [2mquit[0m[0m
up 0| [48;5;61m[37m[1m perf [0m[48;5;236m perf-instance [0m[2m  ⎇ [0m[1mmain[0m                                                                               [48;5;115m[30m ✓ synced [0m[0m
up 1|[90m╭[0m[90m──────────────────────╮[0m[90m╭─[0m[48;5;236m main [0m[2m · ✓ synced · ✓ clean · 1 commit [0m[90m────╮[0m[38;5;141m╭─[0m[48;5;61m[37m[1m Welcome [0m[38;5;141m──────────────────────────────────────╮[0m[0m
up 2|[90m│[0m  [1m  Home[0m            [2m1[0m [90m│[0m[90m│[0m  [2mrecent commits[0m                            [90m│[0m[38;5;141m│[0m [1mWelcome, perf[0m                                  [38;5;141m│[0m[0m
up 3|[90m│[0m  [2m▸ Code[0m            [2m2[0m [90m│[0m[90m│[0m  Init: packages loaded from disk  [2mDarklang [90m│[0m[38;5;141m│[0m                                                [38;5;141m│[0m[0m
up 4|[90m│[0m  [2m▸ Changes[0m         [2m3[0m [90m│[0m[90m│[0m                                            [90m│[0m[38;5;141m│[0m [2mDark Matter is a package tree. What you write  [38;5;141m│[0m[0m
up 5|[90m│[0m  [2m  REPL[0m            [2m4[0m [90m│[0m[90m│[0m  [2mbranches · 1 open[0m                         [90m│[0m[38;5;141m│[0m   [2m lives in it, under your[0m                     [38;5;141m│[0m[0m
up 6|[90m│[0m  [2m▸ Run[0m             [2m5[0m [90m│[0m[90m│[0m[90m┃ ● main[0m                           [2mthis one[0m [90m│[0m[38;5;141m│[0m [2mname, and syncs. This is your branch.[0m          [38;5;141m│[0m[0m
up 7|[90m│[0m  [2m▸ Activity[0m        [2m6[0m [90m│[0m[90m│[0m                                            [90m│[0m[38;5;141m│[0m                                                [38;5;141m│[0m[0m
up 8|[90m│[0m  [2m▸ AI[0m              [2m7[0m [90m│[0m[90m│[0m                                            [90m│[0m[38;5;141m│[0m [37m2[0m    [1mlook around[0m[2m     the tree - Darklang.Stdl  [38;5;141m│[0m[0m
up 9|[90m│[0m  [2m  Docs[0m            [2m8[0m [90m│[0m[90m│[0m                                            [90m│[0m[38;5;141m│[0m   [2mib first[0m                                     [38;5;141m│[0m[0m
up 10|[90m│[0m  [2m  Instance[0m        [2m9[0m [90m│[0m[90m│[0m                                            [90m│[0m[38;5;141m│[0m [37m4 ⏎[0m  [1mtry something[0m[2m REPL - Stdlib.List.map (fu  [38;5;141m│[0m[0m
up 11|[90m│[0m                      [90m│[0m[90m│[0m                                            [90m│[0m[38;5;141m│[0m   [2mn x -> x + 1) [1; 2][0m                         [38;5;141m│[0m[0m
up 12|[90m│[0m                      [90m│[0m[90m│[0m                                            [90m│[0m[38;5;141m│[0m [37m:[0m    [1mmake something[0m[2m  :new fn [0mperf.hello        [38;5;141m│[0m[0m
up 13|[90m│[0m                      [90m│[0m[90m│[0m                                            [90m│[0m[38;5;141m│[0m [37mb[0m    [1mbranch first[0m[2m    if you'd rather not work  [38;5;141m│[0m[0m
up 14|[90m│[0m                      [90m│[0m[90m│[0m                                            [90m│[0m[38;5;141m│[0m   [2m on main[0m                                     [38;5;141m│[0m[0m
up 15|[90m│[0m                      [90m│[0m[90m│[0m                                            [90m│[0m[38;5;141m│[0m                                                [38;5;141m│[0m[0m
up 16|[90m│[0m                      [90m│[0m[90m│[0m                                            [90m│[0m[38;5;141m│[0m                                                [38;5;141m│[0m[0m
up 17|[90m│[0m                      [90m│[0m[90m│[0m                                            [90m│[0m[38;5;141m│[0m                                                [38;5;141m│[0m[0m
up 18|[90m│[0m                      [90m│[0m[90m│[0m                                            [90m│[0m[38;5;141m│[0m                                                [38;5;141m│[0m[0m
up 19|[90m│[0m                      [90m│[0m[90m│[0m                                            [90m│[0m[38;5;141m│[0m                                                [38;5;141m│[0m[0m
up 20|[90m│[0m                      [90m│[0m[90m│[0m                                            [90m│[0m[38;5;141m│[0m                                                [38;5;141m│[0m[0m
up 21|[90m│[0m                      [90m│[0m[90m│[0m                                            [90m│[0m[38;5;141m│[0m                                                [38;5;141m│[0m[0m
up 22|[90m│[0m                      [90m│[0m[90m│[0m                                            [90m│[0m[38;5;141m│[0m                                                [38;5;141m│[0m[0m
up 23|[90m│[0m                      [90m│[0m[90m│[0m                                            [90m│[0m[38;5;141m│[0m                                                [38;5;141m│[0m[0m
up 24|[90m│[0m                      [90m│[0m[90m│[0m                                            [90m│[0m[38;5;141m│[0m                                                [38;5;141m│[0m[0m
up 25|[90m│[0m                      [90m│[0m[90m│[0m                                            [90m│[0m[38;5;141m│[0m                                                [38;5;141m│[0m[0m
up 26|[90m│[0m                      [90m│[0m[90m│[0m                                            [90m│[0m[38;5;141m│[0m                                                [38;5;141m│[0m[0m
up 27|[90m│[0m                      [90m│[0m[90m│[0m                                            [90m│[0m[38;5;141m│[0m                                                [38;5;141m│[0m[0m
up 28|[90m│[0m                      [90m│[0m[90m│[0m                                            [90m│[0m[38;5;141m│[0m                                                [38;5;141m│[0m[0m
up 29|[90m│[0m                      [90m│[0m[90m│[0m                                            [90m│[0m[38;5;141m│[0m                                                [38;5;141m│[0m[0m
up 30|[90m│[0m                      [90m│[0m[90m│[0m                                            [90m│[0m[38;5;141m│[0m                                                [38;5;141m│[0m[0m
up 31|[90m│[0m                      [90m│[0m[90m│[0m                                            [90m│[0m[38;5;141m│[0m                                                [38;5;141m│[0m[0m
up 32|[90m│[0m                      [90m│[0m[90m│[0m                                            [90m│[0m[38;5;141m│[0m                                                [38;5;141m│[0m[0m
up 33|[90m│[0m                      [90m│[0m[90m│[0m                                            [90m│[0m[38;5;141m│[0m                                                [38;5;141m│[0m[0m
up 34|[90m│[0m                      [90m│[0m[90m│[0m                                            [90m│[0m[38;5;141m│[0m                                                [38;5;141m│[0m[0m
up 35|[90m│[0m                      [90m│[0m[90m│[0m                                            [90m│[0m[38;5;141m│[0m                                                [38;5;141m│[0m[0m
up 36|[90m│[0m                      [90m│[0m[90m│[0m                                            [90m│[0m[38;5;141m│[0m                                                [38;5;141m│[0m[0m
up 37|[90m│[0m                      [90m│[0m[90m│[0m                                            [90m│[0m[38;5;141m│[0m                                                [38;5;141m│[0m[0m
up 38|[90m╰──────────────────────╯[0m[90m╰────────────────────────────────────────────╯[0m[38;5;141m╰────────────────────────────────────────────────╯[0m[0m
up 39|  [37m↑↓[0m [2mmove[0m[2m · [0m[37m⏎[0m [2mswitch[0m[2m · [0m[37mb[0m [2mnew[0m[2m · [0m[37mm[0m [2mmerge[0m[2m · [0m[37mr[0m [2mrebase[0m[2m · [0m[37m←→[0m [2mpane[0m[2m · [0m[37m/[0m [2mfind[0m[2m · [0m[37m:[0m [2mcmd[0m[2m · [0m[37m?[0m [2mhelp[0m[2m · [0m[37mesc[0m [2mback[0m[2m · [0m[37mq[0m [2mquit[0m[0m
left 0| [48;5;61m[37m[1m perf [0m[48;5;236m perf-instance [0m[2m  ⎇ [0m[1mmain[0m                                                                               [48;5;115m[30m ✓ synced [0m[0m
left 1|[90m╭[0m[90m──────────────────────╮[0m[38;5;141m╭─[0m[48;5;61m[37m[1m main [0m[2m · ✓ synced · ✓ clean · 1 commit [0m[38;5;141m────╮[0m[90m╭─[0m[48;5;236m Welcome [0m[90m──────────────────────────────────────╮[0m[0m
left 2|[90m│[0m  [1m  Home[0m            [2m1[0m [90m│[0m[38;5;141m│[0m  [2mrecent commits[0m                            [38;5;141m│[0m[90m│[0m [1mWelcome, perf[0m                                  [90m│[0m[0m
left 3|[90m│[0m  [2m▸ Code[0m            [2m2[0m [90m│[0m[38;5;141m│[0m  Init: packages loaded from disk  [2mDarklang [38;5;141m│[0m[90m│[0m                                                [90m│[0m[0m
left 4|[90m│[0m  [2m▸ Changes[0m         [2m3[0m [90m│[0m[38;5;141m│[0m                                            [38;5;141m│[0m[90m│[0m [2mDark Matter is a package tree. What you write  [90m│[0m[0m
left 5|[90m│[0m  [2m  REPL[0m            [2m4[0m [90m│[0m[38;5;141m│[0m  [2mbranches · 1 open[0m                         [38;5;141m│[0m[90m│[0m   [2m lives in it, under your[0m                     [90m│[0m[0m
left 6|[90m│[0m  [2m▸ Run[0m             [2m5[0m [90m│[0m[38;5;141m│[0m[38;5;141m┃ ● main[0m                           [2mthis one[0m [38;5;141m│[0m[90m│[0m [2mname, and syncs. This is your branch.[0m          [90m│[0m[0m
left 7|[90m│[0m  [2m▸ Activity[0m        [2m6[0m [90m│[0m[38;5;141m│[0m                                            [38;5;141m│[0m[90m│[0m                                                [90m│[0m[0m
left 8|[90m│[0m  [2m▸ AI[0m              [2m7[0m [90m│[0m[38;5;141m│[0m                                            [38;5;141m│[0m[90m│[0m [37m2[0m    [1mlook around[0m[2m     the tree - Darklang.Stdl  [90m│[0m[0m
left 9|[90m│[0m  [2m  Docs[0m            [2m8[0m [90m│[0m[38;5;141m│[0m                                            [38;5;141m│[0m[90m│[0m   [2mib first[0m                                     [90m│[0m[0m
left 10|[90m│[0m  [2m  Instance[0m        [2m9[0m [90m│[0m[38;5;141m│[0m                                            [38;5;141m│[0m[90m│[0m [37m4 ⏎[0m  [1mtry something[0m[2m REPL - Stdlib.List.map (fu  [90m│[0m[0m
left 11|[90m│[0m                      [90m│[0m[38;5;141m│[0m                                            [38;5;141m│[0m[90m│[0m   [2mn x -> x + 1) [1; 2][0m                         [90m│[0m[0m
left 12|[90m│[0m                      [90m│[0m[38;5;141m│[0m                                            [38;5;141m│[0m[90m│[0m [37m:[0m    [1mmake something[0m[2m  :new fn [0mperf.hello        [90m│[0m[0m
left 13|[90m│[0m                      [90m│[0m[38;5;141m│[0m                                            [38;5;141m│[0m[90m│[0m [37mb[0m    [1mbranch first[0m[2m    if you'd rather not work  [90m│[0m[0m
left 14|[90m│[0m                      [90m│[0m[38;5;141m│[0m                                            [38;5;141m│[0m[90m│[0m   [2m on main[0m                                     [90m│[0m[0m
left 15|[90m│[0m                      [90m│[0m[38;5;141m│[0m                                            [38;5;141m│[0m[90m│[0m                                                [90m│[0m[0m
left 16|[90m│[0m                      [90m│[0m[38;5;141m│[0m                                            [38;5;141m│[0m[90m│[0m                                                [90m│[0m[0m
left 17|[90m│[0m                      [90m│[0m[38;5;141m│[0m                                            [38;5;141m│[0m[90m│[0m                                                [90m│[0m[0m
left 18|[90m│[0m                      [90m│[0m[38;5;141m│[0m                                            [38;5;141m│[0m[90m│[0m                                                [90m│[0m[0m
left 19|[90m│[0m                      [90m│[0m[38;5;141m│[0m                                            [38;5;141m│[0m[90m│[0m                                                [90m│[0m[0m
left 20|[90m│[0m                      [90m│[0m[38;5;141m│[0m                                            [38;5;141m│[0m[90m│[0m                                                [90m│[0m[0m
left 21|[90m│[0m                      [90m│[0m[38;5;141m│[0m                                            [38;5;141m│[0m[90m│[0m                                                [90m│[0m[0m
left 22|[90m│[0m                      [90m│[0m[38;5;141m│[0m                                            [38;5;141m│[0m[90m│[0m                                                [90m│[0m[0m
left 23|[90m│[0m                      [90m│[0m[38;5;141m│[0m                                            [38;5;141m│[0m[90m│[0m                                                [90m│[0m[0m
left 24|[90m│[0m                      [90m│[0m[38;5;141m│[0m                                            [38;5;141m│[0m[90m│[0m                                                [90m│[0m[0m
left 25|[90m│[0m                      [90m│[0m[38;5;141m│[0m                                            [38;5;141m│[0m[90m│[0m                                                [90m│[0m[0m
left 26|[90m│[0m                      [90m│[0m[38;5;141m│[0m                                            [38;5;141m│[0m[90m│[0m                                                [90m│[0m[0m
left 27|[90m│[0m                      [90m│[0m[38;5;141m│[0m                                            [38;5;141m│[0m[90m│[0m                                                [90m│[0m[0m
left 28|[90m│[0m                      [90m│[0m[38;5;141m│[0m                                            [38;5;141m│[0m[90m│[0m                                                [90m│[0m[0m
left 29|[90m│[0m                      [90m│[0m[38;5;141m│[0m                                            [38;5;141m│[0m[90m│[0m                                                [90m│[0m[0m
left 30|[90m│[0m                      [90m│[0m[38;5;141m│[0m                                            [38;5;141m│[0m[90m│[0m                                                [90m│[0m[0m
left 31|[90m│[0m                      [90m│[0m[38;5;141m│[0m                                            [38;5;141m│[0m[90m│[0m                                                [90m│[0m[0m
left 32|[90m│[0m                      [90m│[0m[38;5;141m│[0m                                            [38;5;141m│[0m[90m│[0m                                                [90m│[0m[0m
left 33|[90m│[0m                      [90m│[0m[38;5;141m│[0m                                            [38;5;141m│[0m[90m│[0m                                                [90m│[0m[0m
left 34|[90m│[0m                      [90m│[0m[38;5;141m│[0m                                            [38;5;141m│[0m[90m│[0m                                                [90m│[0m[0m
left 35|[90m│[0m                      [90m│[0m[38;5;141m│[0m                                            [38;5;141m│[0m[90m│[0m                                                [90m│[0m[0m
left 36|[90m│[0m                      [90m│[0m[38;5;141m│[0m                                            [38;5;141m│[0m[90m│[0m                                                [90m│[0m[0m
left 37|[90m│[0m                      [90m│[0m[38;5;141m│[0m                                            [38;5;141m│[0m[90m│[0m                                                [90m│[0m[0m
left 38|[90m╰──────────────────────╯[0m[38;5;141m╰────────────────────────────────────────────╯[0m[90m╰────────────────────────────────────────────────╯[0m[0m
left 39|  [37m↑↓[0m [2mmove[0m[2m · [0m[37m⏎[0m [2mswitch[0m[2m · [0m[37mb[0m [2mnew[0m[2m · [0m[37mm[0m [2mmerge[0m[2m · [0m[37mr[0m [2mrebase[0m[2m · [0m[37m←→[0m [2mpane[0m[2m · [0m[37m/[0m [2mfind[0m[2m · [0m[37m:[0m [2mcmd[0m[2m · [0m[37m?[0m [2mhelp[0m[2m · [0m[37mesc[0m [2mback[0m[2m · [0m[37mq[0m [2mquit[0m[0m
enter 0| [48;5;61m[37m[1m perf [0m[48;5;236m perf-instance [0m[2m  ⎇ [0m[1mmain[0m                                                                               [48;5;115m[30m ✓ synced [0m[0m
enter 1|[90m╭[0m[90m──────────────────────╮[0m[38;5;141m╭─[0m[48;5;61m[37m[1m main [0m[2m · ✓ synced · ✓ clean · 1 commit [0m[38;5;141m────╮[0m[90m╭─[0m[48;5;236m Welcome [0m[90m──────────────────────────────────────╮[0m[0m
enter 2|[90m│[0m  [1m  Home[0m            [2m1[0m [90m│[0m[38;5;141m│[0m  [2mrecent commits[0m                            [38;5;141m│[0m[90m│[0m [1mWelcome, perf[0m                                  [90m│[0m[0m
enter 3|[90m│[0m  [2m▸ Code[0m            [2m2[0m [90m│[0m[38;5;141m│[0m  Init: packages loaded from disk  [2mDarklang [38;5;141m│[0m[90m│[0m                                                [90m│[0m[0m
enter 4|[90m│[0m  [2m▸ Changes[0m         [2m3[0m [90m│[0m[38;5;141m│[0m                                            [38;5;141m│[0m[90m│[0m [2mDark Matter is a package tree. What you write  [90m│[0m[0m
enter 5|[90m│[0m  [2m  REPL[0m            [2m4[0m [90m│[0m[38;5;141m│[0m  [2mbranches · 1 open[0m                         [38;5;141m│[0m[90m│[0m   [2m lives in it, under your[0m                     [90m│[0m[0m
enter 6|[90m│[0m  [2m▸ Run[0m             [2m5[0m [90m│[0m[38;5;141m│[0m[38;5;141m┃ ● main[0m                           [2mthis one[0m [38;5;141m│[0m[90m│[0m [2mname, and syncs. This is your branch.[0m          [90m│[0m[0m
enter 7|[90m│[0m  [2m▸ Activity[0m        [2m6[0m [90m│[0m[38;5;141m│[0m                                            [38;5;141m│[0m[90m│[0m                                                [90m│[0m[0m
enter 8|[90m│[0m  [2m▸ AI[0m              [2m7[0m [90m│[0m[38;5;141m│[0m                                            [38;5;141m│[0m[90m│[0m [37m2[0m    [1mlook around[0m[2m     the tree - Darklang.Stdl  [90m│[0m[0m
enter 9|[90m│[0m  [2m  Docs[0m            [2m8[0m [90m│[0m[38;5;141m│[0m                                            [38;5;141m│[0m[90m│[0m   [2mib first[0m                                     [90m│[0m[0m
enter 10|[90m│[0m  [2m  Instance[0m        [2m9[0m [90m│[0m[38;5;141m│[0m                                            [38;5;141m│[0m[90m│[0m [37m4 ⏎[0m  [1mtry something[0m[2m REPL - Stdlib.List.map (fu  [90m│[0m[0m
enter 11|[90m│[0m                      [90m│[0m[38;5;141m│[0m                                            [38;5;141m│[0m[90m│[0m   [2mn x -> x + 1) [1; 2][0m                         [90m│[0m[0m
enter 12|[90m│[0m                      [90m│[0m[38;5;141m│[0m                                            [38;5;141m│[0m[90m│[0m [37m:[0m    [1mmake something[0m[2m  :new fn [0mperf.hello        [90m│[0m[0m
enter 13|[90m│[0m                      [90m│[0m[38;5;141m│[0m                                            [38;5;141m│[0m[90m│[0m [37mb[0m    [1mbranch first[0m[2m    if you'd rather not work  [90m│[0m[0m
enter 14|[90m│[0m                      [90m│[0m[38;5;141m│[0m                                            [38;5;141m│[0m[90m│[0m   [2m on main[0m                                     [90m│[0m[0m
enter 15|[90m│[0m                      [90m│[0m[38;5;141m│[0m                                            [38;5;141m│[0m[90m│[0m                                                [90m│[0m[0m
enter 16|[90m│[0m                      [90m│[0m[38;5;141m│[0m                                            [38;5;141m│[0m[90m│[0m                                                [90m│[0m[0m
enter 17|[90m│[0m                      [90m│[0m[38;5;141m│[0m                                            [38;5;141m│[0m[90m│[0m                                                [90m│[0m[0m
enter 18|[90m│[0m                      [90m│[0m[38;5;141m│[0m                                            [38;5;141m│[0m[90m│[0m                                                [90m│[0m[0m
enter 19|[90m│[0m                      [90m│[0m[38;5;141m│[0m                                            [38;5;141m│[0m[90m│[0m                                                [90m│[0m[0m
enter 20|[90m│[0m                      [90m│[0m[38;5;141m│[0m                                            [38;5;141m│[0m[90m│[0m                                                [90m│[0m[0m
enter 21|[90m│[0m                      [90m│[0m[38;5;141m│[0m                                            [38;5;141m│[0m[90m│[0m                                                [90m│[0m[0m
enter 22|[90m│[0m                      [90m│[0m[38;5;141m│[0m                                            [38;5;141m│[0m[90m│[0m                                                [90m│[0m[0m
enter 23|[90m│[0m                      [90m│[0m[38;5;141m│[0m                                            [38;5;141m│[0m[90m│[0m                                                [90m│[0m[0m
enter 24|[90m│[0m                      [90m│[0m[38;5;141m│[0m                                            [38;5;141m│[0m[90m│[0m                                                [90m│[0m[0m
enter 25|[90m│[0m                      [90m│[0m[38;5;141m│[0m                                            [38;5;141m│[0m[90m│[0m                                                [90m│[0m[0m
enter 26|[90m│[0m                      [90m│[0m[38;5;141m│[0m                                            [38;5;141m│[0m[90m│[0m                                                [90m│[0m[0m
enter 27|[90m│[0m                      [90m│[0m[38;5;141m│[0m                                            [38;5;141m│[0m[90m│[0m                                                [90m│[0m[0m
enter 28|[90m│[0m                      [90m│[0m[38;5;141m│[0m                                            [38;5;141m│[0m[90m│[0m                                                [90m│[0m[0m
enter 29|[90m│[0m                      [90m│[0m[38;5;141m│[0m                                            [38;5;141m│[0m[90m│[0m                                                [90m│[0m[0m
enter 30|[90m│[0m                      [90m│[0m[38;5;141m│[0m                                            [38;5;141m│[0m[90m│[0m                                                [90m│[0m[0m
enter 31|[90m│[0m                      [90m│[0m[38;5;141m│[0m                                            [38;5;141m│[0m[90m│[0m                                                [90m│[0m[0m
enter 32|[90m│[0m                      [90m│[0m[38;5;141m│[0m                                            [38;5;141m│[0m[90m│[0m                                                [90m│[0m[0m
enter 33|[90m│[0m                      [90m│[0m[38;5;141m│[0m                                            [38;5;141m│[0m[90m│[0m                                                [90m│[0m[0m
enter 34|[90m│[0m                      [90m│[0m[38;5;141m│[0m                                            [38;5;141m│[0m[90m│[0m                                                [90m│[0m[0m
enter 35|[90m│[0m                      [90m│[0m[38;5;141m│[0m                                            [38;5;141m│[0m[90m│[0m                                                [90m│[0m[0m
enter 36|[90m│[0m                      [90m│[0m[38;5;141m│[0m                                            [38;5;141m│[0m[90m│[0m                                                [90m│[0m[0m
enter 37|[90m│[0m                      [90m│[0m[38;5;141m│[0m                                            [38;5;141m│[0m[90m│[0m                                                [90m│[0m[0m
enter 38|[90m╰──────────────────────╯[0m[38;5;141m╰────────────────────────────────────────────╯[0m[90m╰────────────────────────────────────────────────╯[0m[0m
enter 39|  [37m↑↓[0m [2mmove[0m[2m · [0m[37m⏎[0m [2mswitch[0m[2m · [0m[37mb[0m [2mnew[0m[2m · [0m[37mm[0m [2mmerge[0m[2m · [0m[37mr[0m [2mrebase[0m[2m · [0m[37m←→[0m [2mpane[0m[2m · [0m[37m/[0m [2mfind[0m[2m · [0m[37m:[0m [2mcmd[0m[2m · [0m[37m?[0m [2mhelp[0m[2m · [0m[37mesc[0m [2mb[2m…[0m      [48;5;115m[30m ✓ already on main [0m[0m
esc 0| [48;5;61m[37m[1m perf [0m[48;5;236m perf-instance [0m[2m  ⎇ [0m[1mmain[0m                                                                               [48;5;115m[30m ✓ synced [0m[0m
esc 1|[38;5;141m╭[0m[38;5;141m──────────────────────╮[0m[90m╭─[0m[48;5;236m main [0m[2m · ✓ synced · ✓ clean · 1 commit [0m[90m────╮[0m[90m╭─[0m[48;5;236m Welcome [0m[90m──────────────────────────────────────╮[0m[0m
esc 2|[38;5;141m│[0m[38;5;141m┃   Home[0m            [2m1[0m [38;5;141m│[0m[90m│[0m  [2mrecent commits[0m                            [90m│[0m[90m│[0m [1mWelcome, perf[0m                                  [90m│[0m[0m
esc 3|[38;5;141m│[0m  ▸ Code            [2m2[0m [38;5;141m│[0m[90m│[0m  Init: packages loaded from disk  [2mDarklang [90m│[0m[90m│[0m                                                [90m│[0m[0m
esc 4|[38;5;141m│[0m  ▸ Changes         [2m3[0m [38;5;141m│[0m[90m│[0m                                            [90m│[0m[90m│[0m [2mDark Matter is a package tree. What you write  [90m│[0m[0m
esc 5|[38;5;141m│[0m    REPL            [2m4[0m [38;5;141m│[0m[90m│[0m  [2mbranches · 1 open[0m                         [90m│[0m[90m│[0m   [2m lives in it, under your[0m                     [90m│[0m[0m
esc 6|[38;5;141m│[0m  ▸ Run             [2m5[0m [38;5;141m│[0m[90m│[0m[90m┃ ● main[0m                           [2mthis one[0m [90m│[0m[90m│[0m [2mname, and syncs. This is your branch.[0m          [90m│[0m[0m
esc 7|[38;5;141m│[0m  ▸ Activity        [2m6[0m [38;5;141m│[0m[90m│[0m                                            [90m│[0m[90m│[0m                                                [90m│[0m[0m
esc 8|[38;5;141m│[0m  ▸ AI              [2m7[0m [38;5;141m│[0m[90m│[0m                                            [90m│[0m[90m│[0m [37m2[0m    [1mlook around[0m[2m     the tree - Darklang.Stdl  [90m│[0m[0m
esc 9|[38;5;141m│[0m    Docs            [2m8[0m [38;5;141m│[0m[90m│[0m                                            [90m│[0m[90m│[0m   [2mib first[0m                                     [90m│[0m[0m
esc 10|[38;5;141m│[0m    Instance        [2m9[0m [38;5;141m│[0m[90m│[0m                                            [90m│[0m[90m│[0m [37m4 ⏎[0m  [1mtry something[0m[2m REPL - Stdlib.List.map (fu  [90m│[0m[0m
esc 11|[38;5;141m│[0m                      [38;5;141m│[0m[90m│[0m                                            [90m│[0m[90m│[0m   [2mn x -> x + 1) [1; 2][0m                         [90m│[0m[0m
esc 12|[38;5;141m│[0m                      [38;5;141m│[0m[90m│[0m                                            [90m│[0m[90m│[0m [37m:[0m    [1mmake something[0m[2m  :new fn [0mperf.hello        [90m│[0m[0m
esc 13|[38;5;141m│[0m                      [38;5;141m│[0m[90m│[0m                                            [90m│[0m[90m│[0m [37mb[0m    [1mbranch first[0m[2m    if you'd rather not work  [90m│[0m[0m
esc 14|[38;5;141m│[0m                      [38;5;141m│[0m[90m│[0m                                            [90m│[0m[90m│[0m   [2m on main[0m                                     [90m│[0m[0m
esc 15|[38;5;141m│[0m                      [38;5;141m│[0m[90m│[0m                                            [90m│[0m[90m│[0m                                                [90m│[0m[0m
esc 16|[38;5;141m│[0m                      [38;5;141m│[0m[90m│[0m                                            [90m│[0m[90m│[0m                                                [90m│[0m[0m
esc 17|[38;5;141m│[0m                      [38;5;141m│[0m[90m│[0m                                            [90m│[0m[90m│[0m                                                [90m│[0m[0m
esc 18|[38;5;141m│[0m                      [38;5;141m│[0m[90m│[0m                                            [90m│[0m[90m│[0m                                                [90m│[0m[0m
esc 19|[38;5;141m│[0m                      [38;5;141m│[0m[90m│[0m                                            [90m│[0m[90m│[0m                                                [90m│[0m[0m
esc 20|[38;5;141m│[0m                      [38;5;141m│[0m[90m│[0m                                            [90m│[0m[90m│[0m                                                [90m│[0m[0m
esc 21|[38;5;141m│[0m                      [38;5;141m│[0m[90m│[0m                                            [90m│[0m[90m│[0m                                                [90m│[0m[0m
esc 22|[38;5;141m│[0m                      [38;5;141m│[0m[90m│[0m                                            [90m│[0m[90m│[0m                                                [90m│[0m[0m
esc 23|[38;5;141m│[0m                      [38;5;141m│[0m[90m│[0m                                            [90m│[0m[90m│[0m                                                [90m│[0m[0m
esc 24|[38;5;141m│[0m                      [38;5;141m│[0m[90m│[0m                                            [90m│[0m[90m│[0m                                                [90m│[0m[0m
esc 25|[38;5;141m│[0m                      [38;5;141m│[0m[90m│[0m                                            [90m│[0m[90m│[0m                                                [90m│[0m[0m
esc 26|[38;5;141m│[0m                      [38;5;141m│[0m[90m│[0m                                            [90m│[0m[90m│[0m                                                [90m│[0m[0m
esc 27|[38;5;141m│[0m                      [38;5;141m│[0m[90m│[0m                                            [90m│[0m[90m│[0m                                                [90m│[0m[0m
esc 28|[38;5;141m│[0m                      [38;5;141m│[0m[90m│[0m                                            [90m│[0m[90m│[0m                                                [90m│[0m[0m
esc 29|[38;5;141m│[0m                      [38;5;141m│[0m[90m│[0m                                            [90m│[0m[90m│[0m                                                [90m│[0m[0m
esc 30|[38;5;141m│[0m                      [38;5;141m│[0m[90m│[0m                                            [90m│[0m[90m│[0m                                                [90m│[0m[0m
esc 31|[38;5;141m│[0m                      [38;5;141m│[0m[90m│[0m                                            [90m│[0m[90m│[0m                                                [90m│[0m[0m
esc 32|[38;5;141m│[0m                      [38;5;141m│[0m[90m│[0m                                            [90m│[0m[90m│[0m                                                [90m│[0m[0m
esc 33|[38;5;141m│[0m                      [38;5;141m│[0m[90m│[0m                                            [90m│[0m[90m│[0m                                                [90m│[0m[0m
esc 34|[38;5;141m│[0m                      [38;5;141m│[0m[90m│[0m                                            [90m│[0m[90m│[0m                                                [90m│[0m[0m
esc 35|[38;5;141m│[0m                      [38;5;141m│[0m[90m│[0m                                            [90m│[0m[90m│[0m                                                [90m│[0m[0m
esc 36|[38;5;141m│[0m                      [38;5;141m│[0m[90m│[0m                                            [90m│[0m[90m│[0m                                                [90m│[0m[0m
esc 37|[38;5;141m│[0m                      [38;5;141m│[0m[90m│[0m                                            [90m│[0m[90m│[0m                                                [90m│[0m[0m
esc 38|[38;5;141m╰──────────────────────╯[0m[90m╰────────────────────────────────────────────╯[0m[90m╰────────────────────────────────────────────────╯[0m[0m
esc 39|  [37m↑↓[0m [2mmove[0m[2m · [0m[37m⏎[0m [2mgo[0m[2m · [0m[37m1-9[0m [2mworkspace[0m[2m · [0m[37m→[0m [2mto view[0m[2m · [0m[37mp[0m [2mprompt[0m[2m · [0m[37m/[0m [2mfind[0m[2m · [0m[37m:[0m [2mcmd[0m[2m · [0m[37m?[0m [2mhelp[0m[2m · [0m[37mesc[0m [2mback[0m[2m · [0m[37mq[0m [2mquit[0m[0m
tab2 0| [48;5;61m[37m[1m perf [0m[48;5;236m perf-instance [0m[2m  ⎇ [0m[1mmain[0m                                                                               [48;5;115m[30m ✓ synced [0m[0m
tab2 1|[90m╭[0m[90m──────────────────────╮[0m[38;5;141m╭─[0m[48;5;61m[37m[1m main [0m[2m · ✓ synced · ✓ clean · 1 commit [0m[38;5;141m────╮[0m[90m╭─[0m[48;5;236m Welcome [0m[90m──────────────────────────────────────╮[0m[0m
tab2 2|[90m│[0m  [1m  Home[0m            [2m1[0m [90m│[0m[38;5;141m│[0m  [2mrecent commits[0m                            [38;5;141m│[0m[90m│[0m [1mWelcome, perf[0m                                  [90m│[0m[0m
tab2 3|[90m│[0m  [2m▸ Code[0m            [2m2[0m [90m│[0m[38;5;141m│[0m  Init: packages loaded from disk  [2mDarklang [38;5;141m│[0m[90m│[0m                                                [90m│[0m[0m
tab2 4|[90m│[0m  [2m▸ Changes[0m         [2m3[0m [90m│[0m[38;5;141m│[0m                                            [38;5;141m│[0m[90m│[0m [2mDark Matter is a package tree. What you write  [90m│[0m[0m
tab2 5|[90m│[0m  [2m  REPL[0m            [2m4[0m [90m│[0m[38;5;141m│[0m  [2mbranches · 1 open[0m                         [38;5;141m│[0m[90m│[0m   [2m lives in it, under your[0m                     [90m│[0m[0m
tab2 6|[90m│[0m  [2m▸ Run[0m             [2m5[0m [90m│[0m[38;5;141m│[0m[38;5;141m┃ ● main[0m                           [2mthis one[0m [38;5;141m│[0m[90m│[0m [2mname, and syncs. This is your branch.[0m          [90m│[0m[0m
tab2 7|[90m│[0m  [2m▸ Activity[0m        [2m6[0m [90m│[0m[38;5;141m│[0m                                            [38;5;141m│[0m[90m│[0m                                                [90m│[0m[0m
tab2 8|[90m│[0m  [2m▸ AI[0m              [2m7[0m [90m│[0m[38;5;141m│[0m                                            [38;5;141m│[0m[90m│[0m [37m2[0m    [1mlook around[0m[2m     the tree - Darklang.Stdl  [90m│[0m[0m
tab2 9|[90m│[0m  [2m  Docs[0m            [2m8[0m [90m│[0m[38;5;141m│[0m                                            [38;5;141m│[0m[90m│[0m   [2mib first[0m                                     [90m│[0m[0m
tab2 10|[90m│[0m  [2m  Instance[0m        [2m9[0m [90m│[0m[38;5;141m│[0m                                            [38;5;141m│[0m[90m│[0m [37m4 ⏎[0m  [1mtry something[0m[2m REPL - Stdlib.List.map (fu  [90m│[0m[0m
tab2 11|[90m│[0m                      [90m│[0m[38;5;141m│[0m                                            [38;5;141m│[0m[90m│[0m   [2mn x -> x + 1) [1; 2][0m                         [90m│[0m[0m
tab2 12|[90m│[0m                      [90m│[0m[38;5;141m│[0m                                            [38;5;141m│[0m[90m│[0m [37m:[0m    [1mmake something[0m[2m  :new fn [0mperf.hello        [90m│[0m[0m
tab2 13|[90m│[0m                      [90m│[0m[38;5;141m│[0m                                            [38;5;141m│[0m[90m│[0m [37mb[0m    [1mbranch first[0m[2m    if you'd rather not work  [90m│[0m[0m
tab2 14|[90m│[0m                      [90m│[0m[38;5;141m│[0m                                            [38;5;141m│[0m[90m│[0m   [2m on main[0m                                     [90m│[0m[0m
tab2 15|[90m│[0m                      [90m│[0m[38;5;141m│[0m                                            [38;5;141m│[0m[90m│[0m                                                [90m│[0m[0m
tab2 16|[90m│[0m                      [90m│[0m[38;5;141m│[0m                                            [38;5;141m│[0m[90m│[0m                                                [90m│[0m[0m
tab2 17|[90m│[0m                      [90m│[0m[38;5;141m│[0m                                            [38;5;141m│[0m[90m│[0m                                                [90m│[0m[0m
tab2 18|[90m│[0m                      [90m│[0m[38;5;141m│[0m                                            [38;5;141m│[0m[90m│[0m                                                [90m│[0m[0m
tab2 19|[90m│[0m                      [90m│[0m[38;5;141m│[0m                                            [38;5;141m│[0m[90m│[0m                                                [90m│[0m[0m
tab2 20|[90m│[0m                      [90m│[0m[38;5;141m│[0m                                            [38;5;141m│[0m[90m│[0m                                                [90m│[0m[0m
tab2 21|[90m│[0m                      [90m│[0m[38;5;141m│[0m                                            [38;5;141m│[0m[90m│[0m                                                [90m│[0m[0m
tab2 22|[90m│[0m                      [90m│[0m[38;5;141m│[0m                                            [38;5;141m│[0m[90m│[0m                                                [90m│[0m[0m
tab2 23|[90m│[0m                      [90m│[0m[38;5;141m│[0m                                            [38;5;141m│[0m[90m│[0m                                                [90m│[0m[0m
tab2 24|[90m│[0m                      [90m│[0m[38;5;141m│[0m                                            [38;5;141m│[0m[90m│[0m                                                [90m│[0m[0m
tab2 25|[90m│[0m                      [90m│[0m[38;5;141m│[0m                                            [38;5;141m│[0m[90m│[0m                                                [90m│[0m[0m
tab2 26|[90m│[0m                      [90m│[0m[38;5;141m│[0m                                            [38;5;141m│[0m[90m│[0m                                                [90m│[0m[0m
tab2 27|[90m│[0m                      [90m│[0m[38;5;141m│[0m                                            [38;5;141m│[0m[90m│[0m                                                [90m│[0m[0m
tab2 28|[90m│[0m                      [90m│[0m[38;5;141m│[0m                                            [38;5;141m│[0m[90m│[0m                                                [90m│[0m[0m
tab2 29|[90m│[0m                      [90m│[0m[38;5;141m│[0m                                            [38;5;141m│[0m[90m│[0m                                                [90m│[0m[0m
tab2 30|[90m│[0m                      [90m│[0m[38;5;141m│[0m                                            [38;5;141m│[0m[90m│[0m                                                [90m│[0m[0m
tab2 31|[90m│[0m                      [90m│[0m[38;5;141m│[0m                                            [38;5;141m│[0m[90m│[0m                                                [90m│[0m[0m
tab2 32|[90m│[0m                      [90m│[0m[38;5;141m│[0m                                            [38;5;141m│[0m[90m│[0m                                                [90m│[0m[0m
tab2 33|[90m│[0m                      [90m│[0m[38;5;141m│[0m                                            [38;5;141m│[0m[90m│[0m                                                [90m│[0m[0m
tab2 34|[90m│[0m                      [90m│[0m[38;5;141m│[0m                                            [38;5;141m│[0m[90m│[0m                                                [90m│[0m[0m
tab2 35|[90m│[0m                      [90m│[0m[38;5;141m│[0m                                            [38;5;141m│[0m[90m│[0m                                                [90m│[0m[0m
tab2 36|[90m│[0m                      [90m│[0m[38;5;141m│[0m                                            [38;5;141m│[0m[90m│[0m                                                [90m│[0m[0m
tab2 37|[90m│[0m                      [90m│[0m[38;5;141m│[0m                                            [38;5;141m│[0m[90m│[0m                                                [90m│[0m[0m
tab2 38|[90m╰──────────────────────╯[0m[38;5;141m╰────────────────────────────────────────────╯[0m[90m╰────────────────────────────────────────────────╯[0m[0m
tab2 39|  [37m↑↓[0m [2mmove[0m[2m · [0m[37m⏎[0m [2mswitch[0m[2m · [0m[37mb[0m [2mnew[0m[2m · [0m[37mm[0m [2mmerge[0m[2m · [0m[37mr[0m [2mrebase[0m[2m · [0m[37m←→[0m [2mpane[0m[2m · [0m[37m/[0m [2mfind[0m[2m · [0m[37m:[0m [2mcmd[0m[2m · [0m[37m?[0m [2mhelp[0m[2m · [0m[37mesc[0m [2mback[0m[2m · [0m[37mq[0m [2mquit[0m[0m
end 0| [48;5;61m[37m[1m perf [0m[48;5;236m perf-instance [0m[2m  ⎇ [0m[1mmain[0m                                                                               [48;5;115m[30m ✓ synced [0m[0m
end 1|[90m╭[0m[90m──────────────────────╮[0m[38;5;141m╭─[0m[48;5;61m[37m[1m main [0m[2m · ✓ synced · ✓ clean · 1 commit [0m[38;5;141m────╮[0m[90m╭─[0m[48;5;236m Welcome [0m[90m──────────────────────────────────────╮[0m[0m
end 2|[90m│[0m  [1m  Home[0m            [2m1[0m [90m│[0m[38;5;141m│[0m  [2mrecent commits[0m                            [38;5;141m│[0m[90m│[0m [1mWelcome, perf[0m                                  [90m│[0m[0m
end 3|[90m│[0m  [2m▸ Code[0m            [2m2[0m [90m│[0m[38;5;141m│[0m  Init: packages loaded from disk  [2mDarklang [38;5;141m│[0m[90m│[0m                                                [90m│[0m[0m
end 4|[90m│[0m  [2m▸ Changes[0m         [2m3[0m [90m│[0m[38;5;141m│[0m                                            [38;5;141m│[0m[90m│[0m [2mDark Matter is a package tree. What you write  [90m│[0m[0m
end 5|[90m│[0m  [2m  REPL[0m            [2m4[0m [90m│[0m[38;5;141m│[0m  [2mbranches · 1 open[0m                         [38;5;141m│[0m[90m│[0m   [2m lives in it, under your[0m                     [90m│[0m[0m
end 6|[90m│[0m  [2m▸ Run[0m             [2m5[0m [90m│[0m[38;5;141m│[0m[38;5;141m┃ ● main[0m                           [2mthis one[0m [38;5;141m│[0m[90m│[0m [2mname, and syncs. This is your branch.[0m          [90m│[0m[0m
end 7|[90m│[0m  [2m▸ Activity[0m        [2m6[0m [90m│[0m[38;5;141m│[0m                                            [38;5;141m│[0m[90m│[0m                                                [90m│[0m[0m
end 8|[90m│[0m  [2m▸ AI[0m              [2m7[0m [90m│[0m[38;5;141m│[0m                                            [38;5;141m│[0m[90m│[0m [37m2[0m    [1mlook around[0m[2m     the tree - Darklang.Stdl  [90m│[0m[0m
end 9|[90m│[0m  [2m  Docs[0m            [2m8[0m [90m│[0m[38;5;141m│[0m                                            [38;5;141m│[0m[90m│[0m   [2mib first[0m                                     [90m│[0m[0m
end 10|[90m│[0m  [2m  Instance[0m        [2m9[0m [90m│[0m[38;5;141m│[0m                                            [38;5;141m│[0m[90m│[0m [37m4 ⏎[0m  [1mtry something[0m[2m REPL - Stdlib.List.map (fu  [90m│[0m[0m
end 11|[90m│[0m                      [90m│[0m[38;5;141m│[0m                                            [38;5;141m│[0m[90m│[0m   [2mn x -> x + 1) [1; 2][0m                         [90m│[0m[0m
end 12|[90m│[0m                      [90m│[0m[38;5;141m│[0m                                            [38;5;141m│[0m[90m│[0m [37m:[0m    [1mmake something[0m[2m  :new fn [0mperf.hello        [90m│[0m[0m
end 13|[90m│[0m                      [90m│[0m[38;5;141m│[0m                                            [38;5;141m│[0m[90m│[0m [37mb[0m    [1mbranch first[0m[2m    if you'd rather not work  [90m│[0m[0m
end 14|[90m│[0m                      [90m│[0m[38;5;141m│[0m                                            [38;5;141m│[0m[90m│[0m   [2m on main[0m                                     [90m│[0m[0m
end 15|[90m│[0m                      [90m│[0m[38;5;141m│[0m                                            [38;5;141m│[0m[90m│[0m                                                [90m│[0m[0m
end 16|[90m│[0m                      [90m│[0m[38;5;141m│[0m                                            [38;5;141m│[0m[90m│[0m                                                [90m│[0m[0m
end 17|[90m│[0m                      [90m│[0m[38;5;141m│[0m                                            [38;5;141m│[0m[90m│[0m                                                [90m│[0m[0m
end 18|[90m│[0m                      [90m│[0m[38;5;141m│[0m                                            [38;5;141m│[0m[90m│[0m                                                [90m│[0m[0m
end 19|[90m│[0m                      [90m│[0m[38;5;141m│[0m                                            [38;5;141m│[0m[90m│[0m                                                [90m│[0m[0m
end 20|[90m│[0m                      [90m│[0m[38;5;141m│[0m                                            [38;5;141m│[0m[90m│[0m                                                [90m│[0m[0m
end 21|[90m│[0m                      [90m│[0m[38;5;141m│[0m                                            [38;5;141m│[0m[90m│[0m                                                [90m│[0m[0m
end 22|[90m│[0m                      [90m│[0m[38;5;141m│[0m                                            [38;5;141m│[0m[90m│[0m                                                [90m│[0m[0m
end 23|[90m│[0m                      [90m│[0m[38;5;141m│[0m                                            [38;5;141m│[0m[90m│[0m                                                [90m│[0m[0m
end 24|[90m│[0m                      [90m│[0m[38;5;141m│[0m                                            [38;5;141m│[0m[90m│[0m                                                [90m│[0m[0m
end 25|[90m│[0m                      [90m│[0m[38;5;141m│[0m                                            [38;5;141m│[0m[90m│[0m                                                [90m│[0m[0m
end 26|[90m│[0m                      [90m│[0m[38;5;141m│[0m                                            [38;5;141m│[0m[90m│[0m                                                [90m│[0m[0m
end 27|[90m│[0m                      [90m│[0m[38;5;141m│[0m                                            [38;5;141m│[0m[90m│[0m                                                [90m│[0m[0m
end 28|[90m│[0m                      [90m│[0m[38;5;141m│[0m                                            [38;5;141m│[0m[90m│[0m                                                [90m│[0m[0m
end 29|[90m│[0m                      [90m│[0m[38;5;141m│[0m                                            [38;5;141m│[0m[90m│[0m                                                [90m│[0m[0m
end 30|[90m│[0m                      [90m│[0m[38;5;141m│[0m                                            [38;5;141m│[0m[90m│[0m                                                [90m│[0m[0m
end 31|[90m│[0m                      [90m│[0m[38;5;141m│[0m                                            [38;5;141m│[0m[90m│[0m                                                [90m│[0m[0m
end 32|[90m│[0m                      [90m│[0m[38;5;141m│[0m                                            [38;5;141m│[0m[90m│[0m                                                [90m│[0m[0m
end 33|[90m│[0m                      [90m│[0m[38;5;141m│[0m                                            [38;5;141m│[0m[90m│[0m                                                [90m│[0m[0m
end 34|[90m│[0m                      [90m│[0m[38;5;141m│[0m                                            [38;5;141m│[0m[90m│[0m                                                [90m│[0m[0m
end 35|[90m│[0m                      [90m│[0m[38;5;141m│[0m                                            [38;5;141m│[0m[90m│[0m                                                [90m│[0m[0m
end 36|[90m│[0m                      [90m│[0m[38;5;141m│[0m                                            [38;5;141m│[0m[90m│[0m                                                [90m│[0m[0m
end 37|[90m│[0m                      [90m│[0m[38;5;141m│[0m                                            [38;5;141m│[0m[90m│[0m                                                [90m│[0m[0m
end 38|[90m╰──────────────────────╯[0m[38;5;141m╰────────────────────────────────────────────╯[0m[90m╰────────────────────────────────────────────────╯[0m[0m
end 39|  [37m↑↓[0m [2mmove[0m[2m · [0m[37m⏎[0m [2mswitch[0m[2m · [0m[37mb[0m [2mnew[0m[2m · [0m[37mm[0m [2mmerge[0m[2m · [0m[37mr[0m [2mrebase[0m[2m · [0m[37m←→[0m [2mpane[0m[2m · [0m[37m/[0m [2mfind[0m[2m · [0m[37m:[0m [2mcmd[0m[2m · [0m[37m?[0m [2mhelp[0m[2m · [0m[37mesc[0m [2mback[0m[2m · [0m[37mq[0m [2mquit[0m[0m
-- golden keys done --
