DEBUG: a: "[]|[hello]|[world]"
DEBUG: b: "[]"
DEBUG: c: "[]|[]"
DEBUG: d: "[a]|[]|[b]"
DEBUG: e: "[]|[a]|[]"
DEBUG: f: "[abc]"
DEBUG: g: "[a]|[b]|[c]"
DEBUG: h: "[a]|[b]|[c]"
DEBUG: i: "[h]|[e]|[l]|[l]|[o]"
DEBUG: j: "[hé]|[]|[o]"
DEBUG: k: "[a
DEBUG: l: "[🎉]|[🎉]"
DEBUG: m: "[é]|[]"
DEBUG: len-ascii: 5
DEBUG: len-emoji: 2
DEBUG: len-combining: 1
DEBUG: len-crlf: 3
DEBUG: len-empty: 0
